Analyzing home_repair_app...                                    

   info - Library names are not necessary - lib\core\constants\app_constants.dart:5:9 - unnecessary_library_name
   info - Library names are not necessary - lib\core\error\exceptions.dart:2:9 - unnecessary_library_name
   info - Library names are not necessary - lib\core\error\failures.dart:2:9 - unnecessary_library_name
   info - Library names are not necessary - lib\core\network\network_info.dart:5:9 - unnecessary_library_name
   info - Library names are not necessary - lib\core\usecases\usecase.dart:2:9 - unnecessary_library_name
   info - Library names are not necessary - lib\data\datasources\local\i_user_local_data_source.dart:4:9 - unnecessary_library_name
   info - Library names are not necessary - lib\data\datasources\local\service_local_data_source.dart:2:9 - unnecessary_library_name
   info - Library names are not necessary - lib\data\datasources\local\user_local_data_source.dart:2:9 - unnecessary_library_name
   info - Library names are not necessary - lib\data\datasources\remote\auth_remote_data_source.dart:4:9 - unnecessary_library_name
   info - Dangling library doc comment - lib\data\datasources\remote\i_auth_remote_data_source.dart:4:1 - dangling_library_doc_comments
   info - Library names are not necessary - lib\data\datasources\remote\i_order_remote_data_source.dart:4:9 - unnecessary_library_name
   info - Library names are not necessary - lib\data\datasources\remote\i_service_remote_data_source.dart:4:9 - unnecessary_library_name
   info - Library names are not necessary - lib\data\datasources\remote\i_user_remote_data_source.dart:5:9 - unnecessary_library_name
   info - Library names are not necessary - lib\data\datasources\remote\order_remote_data_source.dart:2:9 - unnecessary_library_name
   info - Library names are not necessary - lib\data\datasources\remote\service_remote_data_source.dart:2:9 - unnecessary_library_name
   info - Library names are not necessary - lib\data\datasources\remote\user_remote_data_source.dart:2:9 - unnecessary_library_name
   info - Dangling library doc comment - lib\data\repositories\address_repository_impl.dart:1:1 - dangling_library_doc_comments
   info - Dangling library doc comment - lib\data\repositories\auth_repository_impl.dart:1:1 - dangling_library_doc_comments
   info - Dangling library doc comment - lib\data\repositories\chat_repository_impl.dart:1:1 - dangling_library_doc_comments
warning - This default clause is covered by the previous cases - lib\data\repositories\chat_repository_impl.dart:177:7 - unreachable_switch_default
   info - Dangling library doc comment - lib\data\repositories\notification_repository_impl.dart:1:1 - dangling_library_doc_comments
   info - Dangling library doc comment - lib\data\repositories\order_repository_impl.dart:1:1 - dangling_library_doc_comments
   info - Dangling library doc comment - lib\data\repositories\review_repository_impl.dart:1:1 - dangling_library_doc_comments
   info - Dangling library doc comment - lib\data\repositories\service_repository_impl.dart:1:1 - dangling_library_doc_comments
   info - Dangling library doc comment - lib\data\repositories\user_repository_impl.dart:1:1 - dangling_library_doc_comments
   info - Dangling library doc comment - lib\domain\entities\address_entity.dart:1:1 - dangling_library_doc_comments
   info - Dangling library doc comment - lib\domain\entities\chat_entity.dart:1:1 - dangling_library_doc_comments
   info - Dangling library doc comment - lib\domain\entities\customer_entity.dart:1:1 - dangling_library_doc_comments
   info - Dangling library doc comment - lib\domain\entities\notification_entity.dart:1:1 - dangling_library_doc_comments
   info - Dangling library doc comment - lib\domain\entities\order_entity.dart:1:1 - dangling_library_doc_comments
   info - Dangling library doc comment - lib\domain\entities\review_entity.dart:1:1 - dangling_library_doc_comments
   info - Dangling library doc comment - lib\domain\entities\service_entity.dart:1:1 - dangling_library_doc_comments
   info - Dangling library doc comment - lib\domain\entities\technician_entity.dart:1:1 - dangling_library_doc_comments
   info - Dangling library doc comment - lib\domain\entities\user_entity.dart:1:1 - dangling_library_doc_comments
   info - Dangling library doc comment - lib\domain\repositories\i_address_repository.dart:1:1 - dangling_library_doc_comments
   info - Dangling library doc comment - lib\domain\repositories\i_auth_repository.dart:1:1 - dangling_library_doc_comments
   info - Dangling library doc comment - lib\domain\repositories\i_chat_repository.dart:1:1 - dangling_library_doc_comments
   info - Dangling library doc comment - lib\domain\repositories\i_notification_repository.dart:1:1 - dangling_library_doc_comments
   info - Dangling library doc comment - lib\domain\repositories\i_order_repository.dart:1:1 - dangling_library_doc_comments
   info - Dangling library doc comment - lib\domain\repositories\i_review_repository.dart:1:1 - dangling_library_doc_comments
   info - Dangling library doc comment - lib\domain\repositories\i_service_repository.dart:1:1 - dangling_library_doc_comments
   info - Dangling library doc comment - lib\domain\repositories\i_user_repository.dart:1:1 - dangling_library_doc_comments
   info - Dangling library doc comment - lib\domain\usecases\address\delete_address.dart:1:1 - dangling_library_doc_comments
   info - Dangling library doc comment - lib\domain\usecases\address\get_user_addresses.dart:1:1 - dangling_library_doc_comments
   info - Dangling library doc comment - lib\domain\usecases\address\save_address.dart:1:1 - dangling_library_doc_comments
   info - Dangling library doc comment - lib\domain\usecases\auth\send_password_reset_email.dart:1:1 - dangling_library_doc_comments
   info - Dangling library doc comment - lib\domain\usecases\auth\sign_in_with_email.dart:1:1 - dangling_library_doc_comments
   info - Dangling library doc comment - lib\domain\usecases\auth\sign_in_with_facebook.dart:1:1 - dangling_library_doc_comments
   info - Dangling library doc comment - lib\domain\usecases\auth\sign_in_with_google.dart:1:1 - dangling_library_doc_comments
   info - Dangling library doc comment - lib\domain\usecases\auth\sign_out.dart:1:1 - dangling_library_doc_comments
   info - Dangling library doc comment - lib\domain\usecases\auth\sign_up_with_email.dart:1:1 - dangling_library_doc_comments
   info - Dangling library doc comment - lib\domain\usecases\chat\get_or_create_order_chat.dart:1:1 - dangling_library_doc_comments
   info - Dangling library doc comment - lib\domain\usecases\chat\send_message.dart:1:1 - dangling_library_doc_comments
   info - Dangling library doc comment - lib\domain\usecases\notification\get_user_notifications.dart:1:1 - dangling_library_doc_comments
   info - Dangling library doc comment - lib\domain\usecases\notification\mark_notification_as_read.dart:1:1 - dangling_library_doc_comments
   info - Dangling library doc comment - lib\domain\usecases\order\complete_order.dart:1:1 - dangling_library_doc_comments
   info - Dangling library doc comment - lib\domain\usecases\order\create_order.dart:1:1 - dangling_library_doc_comments
   info - Dangling library doc comment - lib\domain\usecases\order\get_order.dart:1:1 - dangling_library_doc_comments
   info - Dangling library doc comment - lib\domain\usecases\order\update_order_status.dart:1:1 - dangling_library_doc_comments
   info - Dangling library doc comment - lib\domain\usecases\review\create_review.dart:1:1 - dangling_library_doc_comments
   info - Dangling library doc comment - lib\domain\usecases\review\get_technician_reviews.dart:1:1 - dangling_library_doc_comments
   info - Dangling library doc comment - lib\domain\usecases\service\get_services.dart:1:1 - dangling_library_doc_comments
   info - Dangling library doc comment - lib\domain\usecases\user\create_user.dart:1:1 - dangling_library_doc_comments
   info - Dangling library doc comment - lib\domain\usecases\user\get_technician_stats.dart:1:1 - dangling_library_doc_comments
   info - Dangling library doc comment - lib\domain\usecases\user\get_user.dart:1:1 - dangling_library_doc_comments
   info - Dangling library doc comment - lib\domain\usecases\user\update_user_fields.dart:1:1 - dangling_library_doc_comments
   info - Dangling library doc comment - lib\presentation\helpers\auth_helper.dart:1:1 - dangling_library_doc_comments
   info - Don't use 'BuildContext's across async gaps - lib\presentation\screens\technician\privacy_settings_screen.dart:579:7 - use_build_context_synchronously
warning - Unused import: 'package:home_repair_app/core/usecases/usecase.dart' - test\auth_bloc_test.dart:8:8 - unused_import

