00:00 +0: loading C:/Users/Hassan/.gemini/antigravity/scratch/home_repair_app/test/auth_bloc_test.dart
00:00 +0: C:/Users/Hassan/.gemini/antigravity/scratch/home_repair_app/test/auth_bloc_test.dart: AuthBloc initial state is AuthUnauthenticated
00:00 +1: C:/Users/Hassan/.gemini/antigravity/scratch/home_repair_app/test/auth_bloc_test.dart: AuthBloc emits [AuthLoading, AuthUnauthenticated] when login fails
00:00 +2: C:/Users/Hassan/.gemini/antigravity/scratch/home_repair_app/test/auth_bloc_test.dart: AuthBloc emits [AuthLoading] when login succeeds (user loaded via stream)
00:00 +3: C:/Users/Hassan/.gemini/antigravity/scratch/home_repair_app/test/auth_bloc_test.dart: AuthBloc emits [] when logout requested (state handled by auth stream)
00:00 +4: C:/Users/Hassan/.gemini/antigravity/scratch/home_repair_app/test/booking_bloc_test.dart: BookingBloc initial state is correct
00:00 +5: C:/Users/Hassan/.gemini/antigravity/scratch/home_repair_app/test/booking_bloc_test.dart: BookingBloc emits [filling] with service when BookingStarted is added
00:00 +6: C:/Users/Hassan/.gemini/antigravity/scratch/home_repair_app/test/booking_bloc_test.dart: BookingBloc updates description when BookingDescriptionChanged is added
00:00 +7: C:/Users/Hassan/.gemini/antigravity/scratch/home_repair_app/test/booking_bloc_test.dart: BookingBloc updates step when BookingStepChanged is added
00:00 +8: C:/Users/Hassan/.gemini/antigravity/scratch/home_repair_app/test/order_detail_screen_widget_test.dart: OrderDetailScreen Widget Tests displays service name correctly
[90m[≡اî Easy Localization] [DEBUG] Start[0m
[90m[≡اî Easy Localization] [DEBUG] Init state[0m
ظـظـظـة EXCEPTION CAUGHT BY WIDGETS LIBRARY ظـئظـظـظـظـظـظـظـظـظـظـظـظـظـظـظـظـظـظـظـظـظـظـظـظـظـظـظـظـظـظـظـظـظـظـظـظـظـظـظـظـظـظـظـظـظـظـظـظـظـظـظـظـظـظـظـظـظـظـظـ
The following LateError was thrown building _FocusInheritedScope:
LateInitializationError: Field '_deviceLocale@1136168148' has not been initialized.

When the exception was thrown, this was the stack:
#0      EasyLocalizationController._deviceLocale (package:easy_localization/src/easy_localization_controller.dart)
#1      new EasyLocalizationController (package:easy_localization/src/easy_localization_controller.dart:61:9)
#2      _EasyLocalizationState.initState (package:easy_localization/src/easy_localization_app.dart:176:30)
#3      StatefulElement._firstBuild (package:flutter/src/widgets/framework.dart:5953:55)
#4      ComponentElement.mount (package:flutter/src/widgets/framework.dart:5796:5)
#5      Element.inflateWidget (package:flutter/src/widgets/framework.dart:4590:20)
#6      Element.updateChild (package:flutter/src/widgets/framework.dart:4053:20)
#7      ComponentElement.performRebuild (package:flutter/src/widgets/framework.dart:5844:16)
#8      Element.rebuild (package:flutter/src/widgets/framework.dart:5532:7)
#9      ProxyElement.update (package:flutter/src/widgets/framework.dart:6152:5)
#10     _InheritedNotifierElement.update (package:flutter/src/widgets/inherited_notifier.dart:108:11)
#11     Element.updateChild (package:flutter/src/widgets/framework.dart:4037:15)
#12     ComponentElement.performRebuild (package:flutter/src/widgets/framework.dart:5844:16)
#13     StatefulElement.performRebuild (package:flutter/src/widgets/framework.dart:5985:11)
#14     Element.rebuild (package:flutter/src/widgets/framework.dart:5532:7)
#15     StatefulElement.update (package:flutter/src/widgets/framework.dart:6010:5)
#16     Element.updateChild (package:flutter/src/widgets/framework.dart:4037:15)
#17     ComponentElement.performRebuild (package:flutter/src/widgets/framework.dart:5844:16)
#18     Element.rebuild (package:flutter/src/widgets/framework.dart:5532:7)
#19     ProxyElement.update (package:flutter/src/widgets/framework.dart:6152:5)
#20     _InheritedNotifierElement.update (package:flutter/src/widgets/inherited_notifier.dart:108:11)
#21     Element.updateChild (package:flutter/src/widgets/framework.dart:4037:15)
#22     ComponentElement.performRebuild (package:flutter/src/widgets/framework.dart:5844:16)
#23     StatefulElement.performRebuild (package:flutter/src/widgets/framework.dart:5985:11)
#24     Element.rebuild (package:flutter/src/widgets/framework.dart:5532:7)
#25     StatefulElement.update (package:flutter/src/widgets/framework.dart:6010:5)
#26     Element.updateChild (package:flutter/src/widgets/framework.dart:4037:15)
#27     ComponentElement.performRebuild (package:flutter/src/widgets/framework.dart:5844:16)
#28     StatefulElement.performRebuild (package:flutter/src/widgets/framework.dart:5985:11)
#29     Element.rebuild (package:flutter/src/widgets/framework.dart:5532:7)
#30     StatefulElement.update (package:flutter/src/widgets/framework.dart:6010:5)
#31     Element.updateChild (package:flutter/src/widgets/framework.dart:4037:15)
#32     ComponentElement.performRebuild (package:flutter/src/widgets/framework.dart:5844:16)
#33     Element.rebuild (package:flutter/src/widgets/framework.dart:5532:7)
#34     ProxyElement.update (package:flutter/src/widgets/framework.dart:6152:5)
#35     Element.updateChild (package:flutter/src/widgets/framework.dart:4037:15)
#36     ComponentElement.performRebuild (package:flutter/src/widgets/framework.dart:5844:16)
#37     StatefulElement.performRebuild (package:flutter/src/widgets/framework.dart:5985:11)
#38     Element.rebuild (package:flutter/src/widgets/framework.dart:5532:7)
#39     StatefulElement.update (package:flutter/src/widgets/framework.dart:6010:5)
#40     Element.updateChild (package:flutter/src/widgets/framework.dart:4037:15)
#41     ComponentElement.performRebuild (package:flutter/src/widgets/framework.dart:5844:16)
#42     Element.rebuild (package:flutter/src/widgets/framework.dart:5532:7)
#43     ProxyElement.update (package:flutter/src/widgets/framework.dart:6152:5)
#44     Element.updateChild (package:flutter/src/widgets/framework.dart:4037:15)
#45     ComponentElement.performRebuild (package:flutter/src/widgets/framework.dart:5844:16)
#46     Element.rebuild (package:flutter/src/widgets/framework.dart:5532:7)
#47     ProxyElement.update (package:flutter/src/widgets/framework.dart:6152:5)
#48     Element.updateChild (package:flutter/src/widgets/framework.dart:4037:15)
#49     _RawViewElement._updateChild (package:flutter/src/widgets/view.dart:481:16)
#50     _RawViewElement.update (package:flutter/src/widgets/view.dart:568:5)
#51     Element.updateChild (package:flutter/src/widgets/framework.dart:4037:15)
#52     ComponentElement.performRebuild (package:flutter/src/widgets/framework.dart:5844:16)
#53     Element.rebuild (package:flutter/src/widgets/framework.dart:5532:7)
#54     StatelessElement.update (package:flutter/src/widgets/framework.dart:5898:5)
#55     Element.updateChild (package:flutter/src/widgets/framework.dart:4037:15)
#56     ComponentElement.performRebuild (package:flutter/src/widgets/framework.dart:5844:16)
#57     StatefulElement.performRebuild (package:flutter/src/widgets/framework.dart:5985:11)
#58     Element.rebuild (package:flutter/src/widgets/framework.dart:5532:7)
#59     StatefulElement.update (package:flutter/src/widgets/framework.dart:6010:5)
#60     Element.updateChild (package:flutter/src/widgets/framework.dart:4037:15)
#61     RootElement._rebuild (package:flutter/src/widgets/binding.dart:1782:16)
#62     RootElement.update (package:flutter/src/widgets/binding.dart:1760:5)
#63     RootElement.performRebuild (package:flutter/src/widgets/binding.dart:1774:7)
#64     Element.rebuild (package:flutter/src/widgets/framework.dart:5532:7)
#65     BuildScope._tryRebuild (package:flutter/src/widgets/framework.dart:2750:15)
#66     BuildScope._flushDirtyElements (package:flutter/src/widgets/framework.dart:2807:11)
#67     BuildOwner.buildScope (package:flutter/src/widgets/framework.dart:3111:18)
#68     AutomatedTestWidgetsFlutterBinding.drawFrame (package:flutter_test/src/binding.dart:1506:19)
#69     RendererBinding._handlePersistentFrameCallback (package:flutter/src/rendering/binding.dart:495:5)
#70     SchedulerBinding._invokeFrameCallback (package:flutter/src/scheduler/binding.dart:1434:15)
#71     SchedulerBinding.handleDrawFrame (package:flutter/src/scheduler/binding.dart:1347:9)
#72     AutomatedTestWidgetsFlutterBinding.pump.<anonymous closure> (package:flutter_test/src/binding.dart:1335:9)
#75     TestAsyncUtils.guard (package:flutter_test/src/test_async_utils.dart:74:41)
#76     AutomatedTestWidgetsFlutterBinding.pump (package:flutter_test/src/binding.dart:1324:27)
#77     WidgetTester.pumpWidget.<anonymous closure> (package:flutter_test/src/widget_tester.dart:598:22)
#80     TestAsyncUtils.guard (package:flutter_test/src/test_async_utils.dart:74:41)
#81     WidgetTester.pumpWidget (package:flutter_test/src/widget_tester.dart:595:27)
#82     main.<anonymous closure>.<anonymous closure> (file:///C:/Users/Hassan/.gemini/antigravity/scratch/home_repair_app/test/order_detail_screen_widget_test.dart:42:20)
#83     testWidgets.<anonymous closure>.<anonymous closure> (package:flutter_test/src/widget_tester.dart:192:29)
<asynchronous suspension>
#84     TestWidgetsFlutterBinding._runTestBody (package:flutter_test/src/binding.dart:1059:5)
<asynchronous suspension>
<asynchronous suspension>
(elided 5 frames from dart:async and package:stack_trace)

ظـظـظـظـظـظـظـظـظـظـظـظـظـظـظـظـظـظـظـظـظـظـظـظـظـظـظـظـظـظـظـظـظـظـظـظـظـظـظـظـظـظـظـظـظـظـظـظـظـظـظـظـظـظـظـظـظـظـظـظـظـظـظـظـظـظـظـظـظـظـظـظـظـظـظـظـظـظـظـظـظـظـظـظـظـظـظـظـظـظـظـظـظـظـظـظـظـظـظـظـ
ظـظـظـة EXCEPTION CAUGHT BY FLUTTER TEST FRAMEWORK ظـئظـظـظـظـظـظـظـظـظـظـظـظـظـظـظـظـظـظـظـظـظـظـظـظـظـظـظـظـظـظـظـظـظـظـظـظـظـظـظـظـظـظـظـظـظـظـظـظـظـظـظـظـ
The following TestFailure was thrown running a test:
Expected: exactly one matching candidate
  Actual: _TextWidgetFinder:<Found 0 widgets with text "Plumbing Service": []>
   Which: means none were found but one was expected

When the exception was thrown, this was the stack:
#4      main.<anonymous closure>.<anonymous closure> (file:///C:/Users/Hassan/.gemini/antigravity/scratch/home_repair_app/test/order_detail_screen_widget_test.dart:45:7)
<asynchronous suspension>
#5      testWidgets.<anonymous closure>.<anonymous closure> (package:flutter_test/src/widget_tester.dart:192:15)
<asynchronous suspension>
#6      TestWidgetsFlutterBinding._runTestBody (package:flutter_test/src/binding.dart:1059:5)
<asynchronous suspension>
<asynchronous suspension>
(elided one frame from package:stack_trace)

This was caught by the test expectation on the following line:
  file:///C:/Users/Hassan/.gemini/antigravity/scratch/home_repair_app/test/order_detail_screen_widget_test.dart line 45
The test description was:
  displays service name correctly
ظـظـظـظـظـظـظـظـظـظـظـظـظـظـظـظـظـظـظـظـظـظـظـظـظـظـظـظـظـظـظـظـظـظـظـظـظـظـظـظـظـظـظـظـظـظـظـظـظـظـظـظـظـظـظـظـظـظـظـظـظـظـظـظـظـظـظـظـظـظـظـظـظـظـظـظـظـظـظـظـظـظـظـظـظـظـظـظـظـظـظـظـظـظـظـظـظـظـظـظـ
ظـظـظـة EXCEPTION CAUGHT BY FLUTTER TEST FRAMEWORK ظـئظـظـظـظـظـظـظـظـظـظـظـظـظـظـظـظـظـظـظـظـظـظـظـظـظـظـظـظـظـظـظـظـظـظـظـظـظـظـظـظـظـظـظـظـظـظـظـظـظـظـظـظـ
The following message was thrown:
Multiple exceptions (2) were detected during the running of the current test, and at least one was
unexpected.
ظـظـظـظـظـظـظـظـظـظـظـظـظـظـظـظـظـظـظـظـظـظـظـظـظـظـظـظـظـظـظـظـظـظـظـظـظـظـظـظـظـظـظـظـظـظـظـظـظـظـظـظـظـظـظـظـظـظـظـظـظـظـظـظـظـظـظـظـظـظـظـظـظـظـظـظـظـظـظـظـظـظـظـظـظـظـظـظـظـظـظـظـظـظـظـظـظـظـظـظـ
00:01 +8 -1: C:/Users/Hassan/.gemini/antigravity/scratch/home_repair_app/test/service_bloc_test.dart: ServiceBloc initial state is correct
00:01 +8 -1: C:/Users/Hassan/.gemini/antigravity/scratch/home_repair_app/test/order_detail_screen_widget_test.dart: OrderDetailScreen Widget Tests displays service name correctly [E]
  Test failed. See exception logs above.
  The test description was: displays service name correctly
  
00:01 +9 -1: C:/Users/Hassan/.gemini/antigravity/scratch/home_repair_app/test/order_detail_screen_widget_test.dart: OrderDetailScreen Widget Tests displays customer name correctly
[90m[≡اî Easy Localization] [DEBUG] Start[0m
[90m[≡اî Easy Localization] [DEBUG] Init state[0m
ظـظـظـة EXCEPTION CAUGHT BY WIDGETS LIBRARY ظـئظـظـظـظـظـظـظـظـظـظـظـظـظـظـظـظـظـظـظـظـظـظـظـظـظـظـظـظـظـظـظـظـظـظـظـظـظـظـظـظـظـظـظـظـظـظـظـظـظـظـظـظـظـظـظـظـظـظـظـ
The following LateError was thrown building _FocusInheritedScope:
LateInitializationError: Field '_deviceLocale@1136168148' has not been initialized.

When the exception was thrown, this was the stack:
#0      EasyLocalizationController._deviceLocale (package:easy_localization/src/easy_localization_controller.dart)
#1      new EasyLocalizationController (package:easy_localization/src/easy_localization_controller.dart:61:9)
#2      _EasyLocalizationState.initState (package:easy_localization/src/easy_localization_app.dart:176:30)
#3      StatefulElement._firstBuild (package:flutter/src/widgets/framework.dart:5953:55)
#4      ComponentElement.mount (package:flutter/src/widgets/framework.dart:5796:5)
#5      Element.inflateWidget (package:flutter/src/widgets/framework.dart:4590:20)
#6      Element.updateChild (package:flutter/src/widgets/framework.dart:4053:20)
#7      ComponentElement.performRebuild (package:flutter/src/widgets/framework.dart:5844:16)
#8      Element.rebuild (package:flutter/src/widgets/framework.dart:5532:7)
#9      ProxyElement.update (package:flutter/src/widgets/framework.dart:6152:5)
#10     _InheritedNotifierElement.update (package:flutter/src/widgets/inherited_notifier.dart:108:11)
#11     Element.updateChild (package:flutter/src/widgets/framework.dart:4037:15)
#12     ComponentElement.performRebuild (package:flutter/src/widgets/framework.dart:5844:16)
#13     StatefulElement.performRebuild (package:flutter/src/widgets/framework.dart:5985:11)
#14     Element.rebuild (package:flutter/src/widgets/framework.dart:5532:7)
#15     StatefulElement.update (package:flutter/src/widgets/framework.dart:6010:5)
#16     Element.updateChild (package:flutter/src/widgets/framework.dart:4037:15)
#17     ComponentElement.performRebuild (package:flutter/src/widgets/framework.dart:5844:16)
#18     Element.rebuild (package:flutter/src/widgets/framework.dart:5532:7)
#19     ProxyElement.update (package:flutter/src/widgets/framework.dart:6152:5)
#20     _InheritedNotifierElement.update (package:flutter/src/widgets/inherited_notifier.dart:108:11)
#21     Element.updateChild (package:flutter/src/widgets/framework.dart:4037:15)
#22     ComponentElement.performRebuild (package:flutter/src/widgets/framework.dart:5844:16)
#23     StatefulElement.performRebuild (package:flutter/src/widgets/framework.dart:5985:11)
#24     Element.rebuild (package:flutter/src/widgets/framework.dart:5532:7)
#25     StatefulElement.update (package:flutter/src/widgets/framework.dart:6010:5)
#26     Element.updateChild (package:flutter/src/widgets/framework.dart:4037:15)
#27     ComponentElement.performRebuild (package:flutter/src/widgets/framework.dart:5844:16)
#28     StatefulElement.performRebuild (package:flutter/src/widgets/framework.dart:5985:11)
#29     Element.rebuild (package:flutter/src/widgets/framework.dart:5532:7)
#30     StatefulElement.update (package:flutter/src/widgets/framework.dart:6010:5)
#31     Element.updateChild (package:flutter/src/widgets/framework.dart:4037:15)
#32     ComponentElement.performRebuild (package:flutter/src/widgets/framework.dart:5844:16)
#33     Element.rebuild (package:flutter/src/widgets/framework.dart:5532:7)
#34     ProxyElement.update (package:flutter/src/widgets/framework.dart:6152:5)
#35     Element.updateChild (package:flutter/src/widgets/framework.dart:4037:15)
#36     ComponentElement.performRebuild (package:flutter/src/widgets/framework.dart:5844:16)
#37     StatefulElement.performRebuild (package:flutter/src/widgets/framework.dart:5985:11)
#38     Element.rebuild (package:flutter/src/widgets/framework.dart:5532:7)
#39     StatefulElement.update (package:flutter/src/widgets/framework.dart:6010:5)
#40     Element.updateChild (package:flutter/src/widgets/framework.dart:4037:15)
#41     ComponentElement.performRebuild (package:flutter/src/widgets/framework.dart:5844:16)
#42     Element.rebuild (package:flutter/src/widgets/framework.dart:5532:7)
#43     ProxyElement.update (package:flutter/src/widgets/framework.dart:6152:5)
#44     Element.updateChild (package:flutter/src/widgets/framework.dart:4037:15)
#45     ComponentElement.performRebuild (package:flutter/src/widgets/framework.dart:5844:16)
#46     Element.rebuild (package:flutter/src/widgets/framework.dart:5532:7)
#47     ProxyElement.update (package:flutter/src/widgets/framework.dart:6152:5)
#48     Element.updateChild (package:flutter/src/widgets/framework.dart:4037:15)
#49     _RawViewElement._updateChild (package:flutter/src/widgets/view.dart:481:16)
#50     _RawViewElement.update (package:flutter/src/widgets/view.dart:568:5)
#51     Element.updateChild (package:flutter/src/widgets/framework.dart:4037:15)
#52     ComponentElement.performRebuild (package:flutter/src/widgets/framework.dart:5844:16)
#53     Element.rebuild (package:flutter/src/widgets/framework.dart:5532:7)
#54     StatelessElement.update (package:flutter/src/widgets/framework.dart:5898:5)
#55     Element.updateChild (package:flutter/src/widgets/framework.dart:4037:15)
#56     ComponentElement.performRebuild (package:flutter/src/widgets/framework.dart:5844:16)
#57     StatefulElement.performRebuild (package:flutter/src/widgets/framework.dart:5985:11)
#58     Element.rebuild (package:flutter/src/widgets/framework.dart:5532:7)
#59     StatefulElement.update (package:flutter/src/widgets/framework.dart:6010:5)
#60     Element.updateChild (package:flutter/src/widgets/framework.dart:4037:15)
#61     RootElement._rebuild (package:flutter/src/widgets/binding.dart:1782:16)
#62     RootElement.update (package:flutter/src/widgets/binding.dart:1760:5)
#63     RootElement.performRebuild (package:flutter/src/widgets/binding.dart:1774:7)
#64     Element.rebuild (package:flutter/src/widgets/framework.dart:5532:7)
#65     BuildScope._tryRebuild (package:flutter/src/widgets/framework.dart:2750:15)
#66     BuildScope._flushDirtyElements (package:flutter/src/widgets/framework.dart:2807:11)
#67     BuildOwner.buildScope (package:flutter/src/widgets/framework.dart:3111:18)
#68     AutomatedTestWidgetsFlutterBinding.drawFrame (package:flutter_test/src/binding.dart:1506:19)
#69     RendererBinding._handlePersistentFrameCallback (package:flutter/src/rendering/binding.dart:495:5)
#70     SchedulerBinding._invokeFrameCallback (package:flutter/src/scheduler/binding.dart:1434:15)
#71     SchedulerBinding.handleDrawFrame (package:flutter/src/scheduler/binding.dart:1347:9)
#72     AutomatedTestWidgetsFlutterBinding.pump.<anonymous closure> (package:flutter_test/src/binding.dart:1335:9)
#75     TestAsyncUtils.guard (package:flutter_test/src/test_async_utils.dart:74:41)
#76     AutomatedTestWidgetsFlutterBinding.pump (package:flutter_test/src/binding.dart:1324:27)
#77     WidgetTester.pumpWidget.<anonymous closure> (package:flutter_test/src/widget_tester.dart:598:22)
#80     TestAsyncUtils.guard (package:flutter_test/src/test_async_utils.dart:74:41)
#81     WidgetTester.pumpWidget (package:flutter_test/src/widget_tester.dart:595:27)
#82     main.<anonymous closure>.<anonymous closure> (file:///C:/Users/Hassan/.gemini/antigravity/scratch/home_repair_app/test/order_detail_screen_widget_test.dart:51:20)
#83     testWidgets.<anonymous closure>.<anonymous closure> (package:flutter_test/src/widget_tester.dart:192:29)
<asynchronous suspension>
#84     TestWidgetsFlutterBinding._runTestBody (package:flutter_test/src/binding.dart:1059:5)
<asynchronous suspension>
<asynchronous suspension>
(elided 5 frames from dart:async and package:stack_trace)

ظـظـظـظـظـظـظـظـظـظـظـظـظـظـظـظـظـظـظـظـظـظـظـظـظـظـظـظـظـظـظـظـظـظـظـظـظـظـظـظـظـظـظـظـظـظـظـظـظـظـظـظـظـظـظـظـظـظـظـظـظـظـظـظـظـظـظـظـظـظـظـظـظـظـظـظـظـظـظـظـظـظـظـظـظـظـظـظـظـظـظـظـظـظـظـظـظـظـظـظـ
ظـظـظـة EXCEPTION CAUGHT BY FLUTTER TEST FRAMEWORK ظـئظـظـظـظـظـظـظـظـظـظـظـظـظـظـظـظـظـظـظـظـظـظـظـظـظـظـظـظـظـظـظـظـظـظـظـظـظـظـظـظـظـظـظـظـظـظـظـظـظـظـظـظـ
The following TestFailure was thrown running a test:
Expected: exactly one matching candidate
  Actual: _TextWidgetFinder:<Found 0 widgets with text "John Doe": []>
   Which: means none were found but one was expected

When the exception was thrown, this was the stack:
#4      main.<anonymous closure>.<anonymous closure> (file:///C:/Users/Hassan/.gemini/antigravity/scratch/home_repair_app/test/order_detail_screen_widget_test.dart:54:7)
<asynchronous suspension>
#5      testWidgets.<anonymous closure>.<anonymous closure> (package:flutter_test/src/widget_tester.dart:192:15)
<asynchronous suspension>
#6      TestWidgetsFlutterBinding._runTestBody (package:flutter_test/src/binding.dart:1059:5)
<asynchronous suspension>
<asynchronous suspension>
(elided one frame from package:stack_trace)

This was caught by the test expectation on the following line:
  file:///C:/Users/Hassan/.gemini/antigravity/scratch/home_repair_app/test/order_detail_screen_widget_test.dart line 54
The test description was:
  displays customer name correctly
ظـظـظـظـظـظـظـظـظـظـظـظـظـظـظـظـظـظـظـظـظـظـظـظـظـظـظـظـظـظـظـظـظـظـظـظـظـظـظـظـظـظـظـظـظـظـظـظـظـظـظـظـظـظـظـظـظـظـظـظـظـظـظـظـظـظـظـظـظـظـظـظـظـظـظـظـظـظـظـظـظـظـظـظـظـظـظـظـظـظـظـظـظـظـظـظـظـظـظـظـ
ظـظـظـة EXCEPTION CAUGHT BY FLUTTER TEST FRAMEWORK ظـئظـظـظـظـظـظـظـظـظـظـظـظـظـظـظـظـظـظـظـظـظـظـظـظـظـظـظـظـظـظـظـظـظـظـظـظـظـظـظـظـظـظـظـظـظـظـظـظـظـظـظـظـ
The following message was thrown:
Multiple exceptions (2) were detected during the running of the current test, and at least one was
unexpected.
ظـظـظـظـظـظـظـظـظـظـظـظـظـظـظـظـظـظـظـظـظـظـظـظـظـظـظـظـظـظـظـظـظـظـظـظـظـظـظـظـظـظـظـظـظـظـظـظـظـظـظـظـظـظـظـظـظـظـظـظـظـظـظـظـظـظـظـظـظـظـظـظـظـظـظـظـظـظـظـظـظـظـظـظـظـظـظـظـظـظـظـظـظـظـظـظـظـظـظـظـ
00:01 +10 -1: C:/Users/Hassan/.gemini/antigravity/scratch/home_repair_app/test/order_detail_screen_widget_test.dart: OrderDetailScreen Widget Tests displays customer name correctly
00:01 +10 -2: C:/Users/Hassan/.gemini/antigravity/scratch/home_repair_app/test/order_detail_screen_widget_test.dart: OrderDetailScreen Widget Tests displays customer name correctly [E]
  Test failed. See exception logs above.
  The test description was: displays customer name correctly
  
00:01 +10 -2: C:/Users/Hassan/.gemini/antigravity/scratch/home_repair_app/test/service_bloc_test.dart: ServiceBloc filters services by search query
00:01 +11 -2: C:/Users/Hassan/.gemini/antigravity/scratch/home_repair_app/test/order_detail_screen_widget_test.dart: OrderDetailScreen Widget Tests displays address correctly
00:01 +12 -2: C:/Users/Hassan/.gemini/antigravity/scratch/home_repair_app/test/order_detail_screen_widget_test.dart: OrderDetailScreen Widget Tests displays address correctly
[90m[≡اî Easy Localization] [DEBUG] Start[0m
[90m[≡اî Easy Localization] [DEBUG] Init state[0m
ظـظـظـة EXCEPTION CAUGHT BY WIDGETS LIBRARY ظـئظـظـظـظـظـظـظـظـظـظـظـظـظـظـظـظـظـظـظـظـظـظـظـظـظـظـظـظـظـظـظـظـظـظـظـظـظـظـظـظـظـظـظـظـظـظـظـظـظـظـظـظـظـظـظـظـظـظـظـ
The following LateError was thrown building _FocusInheritedScope:
LateInitializationError: Field '_deviceLocale@1136168148' has not been initialized.

When the exception was thrown, this was the stack:
#0      EasyLocalizationController._deviceLocale (package:easy_localization/src/easy_localization_controller.dart)
#1      new EasyLocalizationController (package:easy_localization/src/easy_localization_controller.dart:61:9)
#2      _EasyLocalizationState.initState (package:easy_localization/src/easy_localization_app.dart:176:30)
#3      StatefulElement._firstBuild (package:flutter/src/widgets/framework.dart:5953:55)
#4      ComponentElement.mount (package:flutter/src/widgets/framework.dart:5796:5)
#5      Element.inflateWidget (package:flutter/src/widgets/framework.dart:4590:20)
#6      Element.updateChild (package:flutter/src/widgets/framework.dart:4053:20)
#7      ComponentElement.performRebuild (package:flutter/src/widgets/framework.dart:5844:16)
#8      Element.rebuild (package:flutter/src/widgets/framework.dart:5532:7)
#9      ProxyElement.update (package:flutter/src/widgets/framework.dart:6152:5)
#10     _InheritedNotifierElement.update (package:flutter/src/widgets/inherited_notifier.dart:108:11)
#11     Element.updateChild (package:flutter/src/widgets/framework.dart:4037:15)
#12     ComponentElement.performRebuild (package:flutter/src/widgets/framework.dart:5844:16)
#13     StatefulElement.performRebuild (package:flutter/src/widgets/framework.dart:5985:11)
#14     Element.rebuild (package:flutter/src/widgets/framework.dart:5532:7)
#15     StatefulElement.update (package:flutter/src/widgets/framework.dart:6010:5)
#16     Element.updateChild (package:flutter/src/widgets/framework.dart:4037:15)
#17     ComponentElement.performRebuild (package:flutter/src/widgets/framework.dart:5844:16)
#18     Element.rebuild (package:flutter/src/widgets/framework.dart:5532:7)
#19     ProxyElement.update (package:flutter/src/widgets/framework.dart:6152:5)
#20     _InheritedNotifierElement.update (package:flutter/src/widgets/inherited_notifier.dart:108:11)
#21     Element.updateChild (package:flutter/src/widgets/framework.dart:4037:15)
#22     ComponentElement.performRebuild (package:flutter/src/widgets/framework.dart:5844:16)
#23     StatefulElement.performRebuild (package:flutter/src/widgets/framework.dart:5985:11)
#24     Element.rebuild (package:flutter/src/widgets/framework.dart:5532:7)
#25     StatefulElement.update (package:flutter/src/widgets/framework.dart:6010:5)
#26     Element.updateChild (package:flutter/src/widgets/framework.dart:4037:15)
#27     ComponentElement.performRebuild (package:flutter/src/widgets/framework.dart:5844:16)
#28     StatefulElement.performRebuild (package:flutter/src/widgets/framework.dart:5985:11)
#29     Element.rebuild (package:flutter/src/widgets/framework.dart:5532:7)
#30     StatefulElement.update (package:flutter/src/widgets/framework.dart:6010:5)
#31     Element.updateChild (package:flutter/src/widgets/framework.dart:4037:15)
#32     ComponentElement.performRebuild (package:flutter/src/widgets/framework.dart:5844:16)
#33     Element.rebuild (package:flutter/src/widgets/framework.dart:5532:7)
#34     ProxyElement.update (package:flutter/src/widgets/framework.dart:6152:5)
#35     Element.updateChild (package:flutter/src/widgets/framework.dart:4037:15)
#36     ComponentElement.performRebuild (package:flutter/src/widgets/framework.dart:5844:16)
#37     StatefulElement.performRebuild (package:flutter/src/widgets/framework.dart:5985:11)
#38     Element.rebuild (package:flutter/src/widgets/framework.dart:5532:7)
#39     StatefulElement.update (package:flutter/src/widgets/framework.dart:6010:5)
#40     Element.updateChild (package:flutter/src/widgets/framework.dart:4037:15)
#41     ComponentElement.performRebuild (package:flutter/src/widgets/framework.dart:5844:16)
#42     Element.rebuild (package:flutter/src/widgets/framework.dart:5532:7)
#43     ProxyElement.update (package:flutter/src/widgets/framework.dart:6152:5)
#44     Element.updateChild (package:flutter/src/widgets/framework.dart:4037:15)
#45     ComponentElement.performRebuild (package:flutter/src/widgets/framework.dart:5844:16)
#46     Element.rebuild (package:flutter/src/widgets/framework.dart:5532:7)
#47     ProxyElement.update (package:flutter/src/widgets/framework.dart:6152:5)
#48     Element.updateChild (package:flutter/src/widgets/framework.dart:4037:15)
#49     _RawViewElement._updateChild (package:flutter/src/widgets/view.dart:481:16)
#50     _RawViewElement.update (package:flutter/src/widgets/view.dart:568:5)
#51     Element.updateChild (package:flutter/src/widgets/framework.dart:4037:15)
#52     ComponentElement.performRebuild (package:flutter/src/widgets/framework.dart:5844:16)
#53     Element.rebuild (package:flutter/src/widgets/framework.dart:5532:7)
#54     StatelessElement.update (package:flutter/src/widgets/framework.dart:5898:5)
#55     Element.updateChild (package:flutter/src/widgets/framework.dart:4037:15)
#56     ComponentElement.performRebuild (package:flutter/src/widgets/framework.dart:5844:16)
#57     StatefulElement.performRebuild (package:flutter/src/widgets/framework.dart:5985:11)
#58     Element.rebuild (package:flutter/src/widgets/framework.dart:5532:7)
#59     StatefulElement.update (package:flutter/src/widgets/framework.dart:6010:5)
#60     Element.updateChild (package:flutter/src/widgets/framework.dart:4037:15)
#61     RootElement._rebuild (package:flutter/src/widgets/binding.dart:1782:16)
#62     RootElement.update (package:flutter/src/widgets/binding.dart:1760:5)
#63     RootElement.performRebuild (package:flutter/src/widgets/binding.dart:1774:7)
#64     Element.rebuild (package:flutter/src/widgets/framework.dart:5532:7)
#65     BuildScope._tryRebuild (package:flutter/src/widgets/framework.dart:2750:15)
#66     BuildScope._flushDirtyElements (package:flutter/src/widgets/framework.dart:2807:11)
#67     BuildOwner.buildScope (package:flutter/src/widgets/framework.dart:3111:18)
#68     AutomatedTestWidgetsFlutterBinding.drawFrame (package:flutter_test/src/binding.dart:1506:19)
#69     RendererBinding._handlePersistentFrameCallback (package:flutter/src/rendering/binding.dart:495:5)
#70     SchedulerBinding._invokeFrameCallback (package:flutter/src/scheduler/binding.dart:1434:15)
#71     SchedulerBinding.handleDrawFrame (package:flutter/src/scheduler/binding.dart:1347:9)
#72     AutomatedTestWidgetsFlutterBinding.pump.<anonymous closure> (package:flutter_test/src/binding.dart:1335:9)
#75     TestAsyncUtils.guard (package:flutter_test/src/test_async_utils.dart:74:41)
#76     AutomatedTestWidgetsFlutterBinding.pump (package:flutter_test/src/binding.dart:1324:27)
#77     WidgetTester.pumpWidget.<anonymous closure> (package:flutter_test/src/widget_tester.dart:598:22)
#80     TestAsyncUtils.guard (package:flutter_test/src/test_async_utils.dart:74:41)
#81     WidgetTester.pumpWidget (package:flutter_test/src/widget_tester.dart:595:27)
#82     main.<anonymous closure>.<anonymous closure> (file:///C:/Users/Hassan/.gemini/antigravity/scratch/home_repair_app/test/order_detail_screen_widget_test.dart:58:20)
#83     testWidgets.<anonymous closure>.<anonymous closure> (package:flutter_test/src/widget_tester.dart:192:29)
<asynchronous suspension>
#84     TestWidgetsFlutterBinding._runTestBody (package:flutter_test/src/binding.dart:1059:5)
<asynchronous suspension>
<asynchronous suspension>
(elided 5 frames from dart:async and package:stack_trace)

ظـظـظـظـظـظـظـظـظـظـظـظـظـظـظـظـظـظـظـظـظـظـظـظـظـظـظـظـظـظـظـظـظـظـظـظـظـظـظـظـظـظـظـظـظـظـظـظـظـظـظـظـظـظـظـظـظـظـظـظـظـظـظـظـظـظـظـظـظـظـظـظـظـظـظـظـظـظـظـظـظـظـظـظـظـظـظـظـظـظـظـظـظـظـظـظـظـظـظـظـ
ظـظـظـة EXCEPTION CAUGHT BY FLUTTER TEST FRAMEWORK ظـئظـظـظـظـظـظـظـظـظـظـظـظـظـظـظـظـظـظـظـظـظـظـظـظـظـظـظـظـظـظـظـظـظـظـظـظـظـظـظـظـظـظـظـظـظـظـظـظـظـظـظـظـ
The following TestFailure was thrown running a test:
Expected: exactly one matching candidate
  Actual: _TextWidgetFinder:<Found 0 widgets with text "123 Test Street, Test City": []>
   Which: means none were found but one was expected

When the exception was thrown, this was the stack:
#4      main.<anonymous closure>.<anonymous closure> (file:///C:/Users/Hassan/.gemini/antigravity/scratch/home_repair_app/test/order_detail_screen_widget_test.dart:61:7)
<asynchronous suspension>
#5      testWidgets.<anonymous closure>.<anonymous closure> (package:flutter_test/src/widget_tester.dart:192:15)
<asynchronous suspension>
#6      TestWidgetsFlutterBinding._runTestBody (package:flutter_test/src/binding.dart:1059:5)
<asynchronous suspension>
<asynchronous suspension>
(elided one frame from package:stack_trace)

This was caught by the test expectation on the following line:
  file:///C:/Users/Hassan/.gemini/antigravity/scratch/home_repair_app/test/order_detail_screen_widget_test.dart line 61
The test description was:
  displays address correctly
ظـظـظـظـظـظـظـظـظـظـظـظـظـظـظـظـظـظـظـظـظـظـظـظـظـظـظـظـظـظـظـظـظـظـظـظـظـظـظـظـظـظـظـظـظـظـظـظـظـظـظـظـظـظـظـظـظـظـظـظـظـظـظـظـظـظـظـظـظـظـظـظـظـظـظـظـظـظـظـظـظـظـظـظـظـظـظـظـظـظـظـظـظـظـظـظـظـظـظـظـ
ظـظـظـة EXCEPTION CAUGHT BY FLUTTER TEST FRAMEWORK ظـئظـظـظـظـظـظـظـظـظـظـظـظـظـظـظـظـظـظـظـظـظـظـظـظـظـظـظـظـظـظـظـظـظـظـظـظـظـظـظـظـظـظـظـظـظـظـظـظـظـظـظـظـ
The following message was thrown:
Multiple exceptions (2) were detected during the running of the current test, and at least one was
unexpected.
ظـظـظـظـظـظـظـظـظـظـظـظـظـظـظـظـظـظـظـظـظـظـظـظـظـظـظـظـظـظـظـظـظـظـظـظـظـظـظـظـظـظـظـظـظـظـظـظـظـظـظـظـظـظـظـظـظـظـظـظـظـظـظـظـظـظـظـظـظـظـظـظـظـظـظـظـظـظـظـظـظـظـظـظـظـظـظـظـظـظـظـظـظـظـظـظـظـظـظـظـ
00:01 +12 -3: C:/Users/Hassan/.gemini/antigravity/scratch/home_repair_app/test/order_detail_screen_widget_test.dart: OrderDetailScreen Widget Tests displays address correctly [E]
  Test failed. See exception logs above.
  The test description was: displays address correctly
  
00:01 +12 -3: C:/Users/Hassan/.gemini/antigravity/scratch/home_repair_app/test/order_detail_screen_widget_test.dart: OrderDetailScreen Widget Tests shows action buttons for pending orders
[90m[≡اî Easy Localization] [DEBUG] Start[0m
[90m[≡اî Easy Localization] [DEBUG] Init state[0m
ظـظـظـة EXCEPTION CAUGHT BY WIDGETS LIBRARY ظـئظـظـظـظـظـظـظـظـظـظـظـظـظـظـظـظـظـظـظـظـظـظـظـظـظـظـظـظـظـظـظـظـظـظـظـظـظـظـظـظـظـظـظـظـظـظـظـظـظـظـظـظـظـظـظـظـظـظـظـ
The following LateError was thrown building _FocusInheritedScope:
LateInitializationError: Field '_deviceLocale@1136168148' has not been initialized.

When the exception was thrown, this was the stack:
#0      EasyLocalizationController._deviceLocale (package:easy_localization/src/easy_localization_controller.dart)
#1      new EasyLocalizationController (package:easy_localization/src/easy_localization_controller.dart:61:9)
#2      _EasyLocalizationState.initState (package:easy_localization/src/easy_localization_app.dart:176:30)
#3      StatefulElement._firstBuild (package:flutter/src/widgets/framework.dart:5953:55)
#4      ComponentElement.mount (package:flutter/src/widgets/framework.dart:5796:5)
#5      Element.inflateWidget (package:flutter/src/widgets/framework.dart:4590:20)
#6      Element.updateChild (package:flutter/src/widgets/framework.dart:4053:20)
#7      ComponentElement.performRebuild (package:flutter/src/widgets/framework.dart:5844:16)
#8      Element.rebuild (package:flutter/src/widgets/framework.dart:5532:7)
#9      ProxyElement.update (package:flutter/src/widgets/framework.dart:6152:5)
#10     _InheritedNotifierElement.update (package:flutter/src/widgets/inherited_notifier.dart:108:11)
#11     Element.updateChild (package:flutter/src/widgets/framework.dart:4037:15)
#12     ComponentElement.performRebuild (package:flutter/src/widgets/framework.dart:5844:16)
#13     StatefulElement.performRebuild (package:flutter/src/widgets/framework.dart:5985:11)
#14     Element.rebuild (package:flutter/src/widgets/framework.dart:5532:7)
#15     StatefulElement.update (package:flutter/src/widgets/framework.dart:6010:5)
#16     Element.updateChild (package:flutter/src/widgets/framework.dart:4037:15)
#17     ComponentElement.performRebuild (package:flutter/src/widgets/framework.dart:5844:16)
#18     Element.rebuild (package:flutter/src/widgets/framework.dart:5532:7)
#19     ProxyElement.update (package:flutter/src/widgets/framework.dart:6152:5)
#20     _InheritedNotifierElement.update (package:flutter/src/widgets/inherited_notifier.dart:108:11)
#21     Element.updateChild (package:flutter/src/widgets/framework.dart:4037:15)
#22     ComponentElement.performRebuild (package:flutter/src/widgets/framework.dart:5844:16)
#23     StatefulElement.performRebuild (package:flutter/src/widgets/framework.dart:5985:11)
#24     Element.rebuild (package:flutter/src/widgets/framework.dart:5532:7)
#25     StatefulElement.update (package:flutter/src/widgets/framework.dart:6010:5)
#26     Element.updateChild (package:flutter/src/widgets/framework.dart:4037:15)
#27     ComponentElement.performRebuild (package:flutter/src/widgets/framework.dart:5844:16)
#28     StatefulElement.performRebuild (package:flutter/src/widgets/framework.dart:5985:11)
#29     Element.rebuild (package:flutter/src/widgets/framework.dart:5532:7)
#30     StatefulElement.update (package:flutter/src/widgets/framework.dart:6010:5)
#31     Element.updateChild (package:flutter/src/widgets/framework.dart:4037:15)
#32     ComponentElement.performRebuild (package:flutter/src/widgets/framework.dart:5844:16)
#33     Element.rebuild (package:flutter/src/widgets/framework.dart:5532:7)
#34     ProxyElement.update (package:flutter/src/widgets/framework.dart:6152:5)
#35     Element.updateChild (package:flutter/src/widgets/framework.dart:4037:15)
#36     ComponentElement.performRebuild (package:flutter/src/widgets/framework.dart:5844:16)
#37     StatefulElement.performRebuild (package:flutter/src/widgets/framework.dart:5985:11)
#38     Element.rebuild (package:flutter/src/widgets/framework.dart:5532:7)
#39     StatefulElement.update (package:flutter/src/widgets/framework.dart:6010:5)
#40     Element.updateChild (package:flutter/src/widgets/framework.dart:4037:15)
#41     ComponentElement.performRebuild (package:flutter/src/widgets/framework.dart:5844:16)
#42     Element.rebuild (package:flutter/src/widgets/framework.dart:5532:7)
#43     ProxyElement.update (package:flutter/src/widgets/framework.dart:6152:5)
#44     Element.updateChild (package:flutter/src/widgets/framework.dart:4037:15)
#45     ComponentElement.performRebuild (package:flutter/src/widgets/framework.dart:5844:16)
#46     Element.rebuild (package:flutter/src/widgets/framework.dart:5532:7)
#47     ProxyElement.update (package:flutter/src/widgets/framework.dart:6152:5)
#48     Element.updateChild (package:flutter/src/widgets/framework.dart:4037:15)
#49     _RawViewElement._updateChild (package:flutter/src/widgets/view.dart:481:16)
#50     _RawViewElement.update (package:flutter/src/widgets/view.dart:568:5)
#51     Element.updateChild (package:flutter/src/widgets/framework.dart:4037:15)
#52     ComponentElement.performRebuild (package:flutter/src/widgets/framework.dart:5844:16)
#53     Element.rebuild (package:flutter/src/widgets/framework.dart:5532:7)
#54     StatelessElement.update (package:flutter/src/widgets/framework.dart:5898:5)
#55     Element.updateChild (package:flutter/src/widgets/framework.dart:4037:15)
#56     ComponentElement.performRebuild (package:flutter/src/widgets/framework.dart:5844:16)
#57     StatefulElement.performRebuild (package:flutter/src/widgets/framework.dart:5985:11)
#58     Element.rebuild (package:flutter/src/widgets/framework.dart:5532:7)
#59     StatefulElement.update (package:flutter/src/widgets/framework.dart:6010:5)
#60     Element.updateChild (package:flutter/src/widgets/framework.dart:4037:15)
#61     RootElement._rebuild (package:flutter/src/widgets/binding.dart:1782:16)
#62     RootElement.update (package:flutter/src/widgets/binding.dart:1760:5)
#63     RootElement.performRebuild (package:flutter/src/widgets/binding.dart:1774:7)
#64     Element.rebuild (package:flutter/src/widgets/framework.dart:5532:7)
#65     BuildScope._tryRebuild (package:flutter/src/widgets/framework.dart:2750:15)
#66     BuildScope._flushDirtyElements (package:flutter/src/widgets/framework.dart:2807:11)
#67     BuildOwner.buildScope (package:flutter/src/widgets/framework.dart:3111:18)
#68     AutomatedTestWidgetsFlutterBinding.drawFrame (package:flutter_test/src/binding.dart:1506:19)
#69     RendererBinding._handlePersistentFrameCallback (package:flutter/src/rendering/binding.dart:495:5)
#70     SchedulerBinding._invokeFrameCallback (package:flutter/src/scheduler/binding.dart:1434:15)
#71     SchedulerBinding.handleDrawFrame (package:flutter/src/scheduler/binding.dart:1347:9)
#72     AutomatedTestWidgetsFlutterBinding.pump.<anonymous closure> (package:flutter_test/src/binding.dart:1335:9)
#75     TestAsyncUtils.guard (package:flutter_test/src/test_async_utils.dart:74:41)
#76     AutomatedTestWidgetsFlutterBinding.pump (package:flutter_test/src/binding.dart:1324:27)
#77     WidgetTester.pumpWidget.<anonymous closure> (package:flutter_test/src/widget_tester.dart:598:22)
#80     TestAsyncUtils.guard (package:flutter_test/src/test_async_utils.dart:74:41)
#81     WidgetTester.pumpWidget (package:flutter_test/src/widget_tester.dart:595:27)
#82     main.<anonymous closure>.<anonymous closure> (file:///C:/Users/Hassan/.gemini/antigravity/scratch/home_repair_app/test/order_detail_screen_widget_test.dart:67:20)
#83     testWidgets.<anonymous closure>.<anonymous closure> (package:flutter_test/src/widget_tester.dart:192:29)
<asynchronous suspension>
#84     TestWidgetsFlutterBinding._runTestBody (package:flutter_test/src/binding.dart:1059:5)
<asynchronous suspension>
<asynchronous suspension>
(elided 5 frames from dart:async and package:stack_trace)

ظـظـظـظـظـظـظـظـظـظـظـظـظـظـظـظـظـظـظـظـظـظـظـظـظـظـظـظـظـظـظـظـظـظـظـظـظـظـظـظـظـظـظـظـظـظـظـظـظـظـظـظـظـظـظـظـظـظـظـظـظـظـظـظـظـظـظـظـظـظـظـظـظـظـظـظـظـظـظـظـظـظـظـظـظـظـظـظـظـظـظـظـظـظـظـظـظـظـظـظـ
ظـظـظـة EXCEPTION CAUGHT BY FLUTTER TEST FRAMEWORK ظـئظـظـظـظـظـظـظـظـظـظـظـظـظـظـظـظـظـظـظـظـظـظـظـظـظـظـظـظـظـظـظـظـظـظـظـظـظـظـظـظـظـظـظـظـظـظـظـظـظـظـظـظـ
The following TestFailure was thrown running a test:
Expected: exactly one matching candidate
  Actual: _AncestorWidgetFinder:<Found 0 widgets with type "ElevatedButton" that are ancestors of
widgets with text "accept": []>
   Which: means none were found but one was expected

When the exception was thrown, this was the stack:
#4      main.<anonymous closure>.<anonymous closure> (file:///C:/Users/Hassan/.gemini/antigravity/scratch/home_repair_app/test/order_detail_screen_widget_test.dart:71:7)
<asynchronous suspension>
#5      testWidgets.<anonymous closure>.<anonymous closure> (package:flutter_test/src/widget_tester.dart:192:15)
<asynchronous suspension>
#6      TestWidgetsFlutterBinding._runTestBody (package:flutter_test/src/binding.dart:1059:5)
<asynchronous suspension>
<asynchronous suspension>
(elided one frame from package:stack_trace)

This was caught by the test expectation on the following line:
  file:///C:/Users/Hassan/.gemini/antigravity/scratch/home_repair_app/test/order_detail_screen_widget_test.dart line 71
The test description was:
  shows action buttons for pending orders
ظـظـظـظـظـظـظـظـظـظـظـظـظـظـظـظـظـظـظـظـظـظـظـظـظـظـظـظـظـظـظـظـظـظـظـظـظـظـظـظـظـظـظـظـظـظـظـظـظـظـظـظـظـظـظـظـظـظـظـظـظـظـظـظـظـظـظـظـظـظـظـظـظـظـظـظـظـظـظـظـظـظـظـظـظـظـظـظـظـظـظـظـظـظـظـظـظـظـظـظـ
ظـظـظـة EXCEPTION CAUGHT BY FLUTTER TEST FRAMEWORK ظـئظـظـظـظـظـظـظـظـظـظـظـظـظـظـظـظـظـظـظـظـظـظـظـظـظـظـظـظـظـظـظـظـظـظـظـظـظـظـظـظـظـظـظـظـظـظـظـظـظـظـظـظـ
The following message was thrown:
Multiple exceptions (2) were detected during the running of the current test, and at least one was
unexpected.
ظـظـظـظـظـظـظـظـظـظـظـظـظـظـظـظـظـظـظـظـظـظـظـظـظـظـظـظـظـظـظـظـظـظـظـظـظـظـظـظـظـظـظـظـظـظـظـظـظـظـظـظـظـظـظـظـظـظـظـظـظـظـظـظـظـظـظـظـظـظـظـظـظـظـظـظـظـظـظـظـظـظـظـظـظـظـظـظـظـظـظـظـظـظـظـظـظـظـظـظـ
00:01 +12 -4: C:/Users/Hassan/.gemini/antigravity/scratch/home_repair_app/test/order_detail_screen_widget_test.dart: OrderDetailScreen Widget Tests shows action buttons for pending orders [E]
  Test failed. See exception logs above.
  The test description was: shows action buttons for pending orders
  
00:01 +12 -4: C:/Users/Hassan/.gemini/antigravity/scratch/home_repair_app/test/order_detail_screen_widget_test.dart: OrderDetailScreen Widget Tests does not show action buttons for accepted orders
[90m[≡اî Easy Localization] [DEBUG] Start[0m
[90m[≡اî Easy Localization] [DEBUG] Init state[0m
ظـظـظـة EXCEPTION CAUGHT BY WIDGETS LIBRARY ظـئظـظـظـظـظـظـظـظـظـظـظـظـظـظـظـظـظـظـظـظـظـظـظـظـظـظـظـظـظـظـظـظـظـظـظـظـظـظـظـظـظـظـظـظـظـظـظـظـظـظـظـظـظـظـظـظـظـظـظـ
The following LateError was thrown building _FocusInheritedScope:
LateInitializationError: Field '_deviceLocale@1136168148' has not been initialized.

When the exception was thrown, this was the stack:
#0      EasyLocalizationController._deviceLocale (package:easy_localization/src/easy_localization_controller.dart)
#1      new EasyLocalizationController (package:easy_localization/src/easy_localization_controller.dart:61:9)
#2      _EasyLocalizationState.initState (package:easy_localization/src/easy_localization_app.dart:176:30)
#3      StatefulElement._firstBuild (package:flutter/src/widgets/framework.dart:5953:55)
#4      ComponentElement.mount (package:flutter/src/widgets/framework.dart:5796:5)
#5      Element.inflateWidget (package:flutter/src/widgets/framework.dart:4590:20)
#6      Element.updateChild (package:flutter/src/widgets/framework.dart:4053:20)
#7      ComponentElement.performRebuild (package:flutter/src/widgets/framework.dart:5844:16)
#8      Element.rebuild (package:flutter/src/widgets/framework.dart:5532:7)
#9      ProxyElement.update (package:flutter/src/widgets/framework.dart:6152:5)
#10     _InheritedNotifierElement.update (package:flutter/src/widgets/inherited_notifier.dart:108:11)
#11     Element.updateChild (package:flutter/src/widgets/framework.dart:4037:15)
#12     ComponentElement.performRebuild (package:flutter/src/widgets/framework.dart:5844:16)
#13     StatefulElement.performRebuild (package:flutter/src/widgets/framework.dart:5985:11)
#14     Element.rebuild (package:flutter/src/widgets/framework.dart:5532:7)
#15     StatefulElement.update (package:flutter/src/widgets/framework.dart:6010:5)
#16     Element.updateChild (package:flutter/src/widgets/framework.dart:4037:15)
#17     ComponentElement.performRebuild (package:flutter/src/widgets/framework.dart:5844:16)
#18     Element.rebuild (package:flutter/src/widgets/framework.dart:5532:7)
#19     ProxyElement.update (package:flutter/src/widgets/framework.dart:6152:5)
#20     _InheritedNotifierElement.update (package:flutter/src/widgets/inherited_notifier.dart:108:11)
#21     Element.updateChild (package:flutter/src/widgets/framework.dart:4037:15)
#22     ComponentElement.performRebuild (package:flutter/src/widgets/framework.dart:5844:16)
#23     StatefulElement.performRebuild (package:flutter/src/widgets/framework.dart:5985:11)
#24     Element.rebuild (package:flutter/src/widgets/framework.dart:5532:7)
#25     StatefulElement.update (package:flutter/src/widgets/framework.dart:6010:5)
#26     Element.updateChild (package:flutter/src/widgets/framework.dart:4037:15)
#27     ComponentElement.performRebuild (package:flutter/src/widgets/framework.dart:5844:16)
#28     StatefulElement.performRebuild (package:flutter/src/widgets/framework.dart:5985:11)
#29     Element.rebuild (package:flutter/src/widgets/framework.dart:5532:7)
#30     StatefulElement.update (package:flutter/src/widgets/framework.dart:6010:5)
#31     Element.updateChild (package:flutter/src/widgets/framework.dart:4037:15)
#32     ComponentElement.performRebuild (package:flutter/src/widgets/framework.dart:5844:16)
#33     Element.rebuild (package:flutter/src/widgets/framework.dart:5532:7)
#34     ProxyElement.update (package:flutter/src/widgets/framework.dart:6152:5)
#35     Element.updateChild (package:flutter/src/widgets/framework.dart:4037:15)
#36     ComponentElement.performRebuild (package:flutter/src/widgets/framework.dart:5844:16)
#37     StatefulElement.performRebuild (package:flutter/src/widgets/framework.dart:5985:11)
#38     Element.rebuild (package:flutter/src/widgets/framework.dart:5532:7)
#39     StatefulElement.update (package:flutter/src/widgets/framework.dart:6010:5)
#40     Element.updateChild (package:flutter/src/widgets/framework.dart:4037:15)
#41     ComponentElement.performRebuild (package:flutter/src/widgets/framework.dart:5844:16)
#42     Element.rebuild (package:flutter/src/widgets/framework.dart:5532:7)
#43     ProxyElement.update (package:flutter/src/widgets/framework.dart:6152:5)
#44     Element.updateChild (package:flutter/src/widgets/framework.dart:4037:15)
#45     ComponentElement.performRebuild (package:flutter/src/widgets/framework.dart:5844:16)
#46     Element.rebuild (package:flutter/src/widgets/framework.dart:5532:7)
#47     ProxyElement.update (package:flutter/src/widgets/framework.dart:6152:5)
#48     Element.updateChild (package:flutter/src/widgets/framework.dart:4037:15)
#49     _RawViewElement._updateChild (package:flutter/src/widgets/view.dart:481:16)
#50     _RawViewElement.update (package:flutter/src/widgets/view.dart:568:5)
#51     Element.updateChild (package:flutter/src/widgets/framework.dart:4037:15)
#52     ComponentElement.performRebuild (package:flutter/src/widgets/framework.dart:5844:16)
#53     Element.rebuild (package:flutter/src/widgets/framework.dart:5532:7)
#54     StatelessElement.update (package:flutter/src/widgets/framework.dart:5898:5)
#55     Element.updateChild (package:flutter/src/widgets/framework.dart:4037:15)
#56     ComponentElement.performRebuild (package:flutter/src/widgets/framework.dart:5844:16)
#57     StatefulElement.performRebuild (package:flutter/src/widgets/framework.dart:5985:11)
#58     Element.rebuild (package:flutter/src/widgets/framework.dart:5532:7)
#59     StatefulElement.update (package:flutter/src/widgets/framework.dart:6010:5)
#60     Element.updateChild (package:flutter/src/widgets/framework.dart:4037:15)
#61     RootElement._rebuild (package:flutter/src/widgets/binding.dart:1782:16)
#62     RootElement.update (package:flutter/src/widgets/binding.dart:1760:5)
#63     RootElement.performRebuild (package:flutter/src/widgets/binding.dart:1774:7)
#64     Element.rebuild (package:flutter/src/widgets/framework.dart:5532:7)
#65     BuildScope._tryRebuild (package:flutter/src/widgets/framework.dart:2750:15)
#66     BuildScope._flushDirtyElements (package:flutter/src/widgets/framework.dart:2807:11)
#67     BuildOwner.buildScope (package:flutter/src/widgets/framework.dart:3111:18)
#68     AutomatedTestWidgetsFlutterBinding.drawFrame (package:flutter_test/src/binding.dart:1506:19)
#69     RendererBinding._handlePersistentFrameCallback (package:flutter/src/rendering/binding.dart:495:5)
#70     SchedulerBinding._invokeFrameCallback (package:flutter/src/scheduler/binding.dart:1434:15)
#71     SchedulerBinding.handleDrawFrame (package:flutter/src/scheduler/binding.dart:1347:9)
#72     AutomatedTestWidgetsFlutterBinding.pump.<anonymous closure> (package:flutter_test/src/binding.dart:1335:9)
#75     TestAsyncUtils.guard (package:flutter_test/src/test_async_utils.dart:74:41)
#76     AutomatedTestWidgetsFlutterBinding.pump (package:flutter_test/src/binding.dart:1324:27)
#77     WidgetTester.pumpWidget.<anonymous closure> (package:flutter_test/src/widget_tester.dart:598:22)
#80     TestAsyncUtils.guard (package:flutter_test/src/test_async_utils.dart:74:41)
#81     WidgetTester.pumpWidget (package:flutter_test/src/widget_tester.dart:595:27)
#82     main.<anonymous closure>.<anonymous closure> (file:///C:/Users/Hassan/.gemini/antigravity/scratch/home_repair_app/test/order_detail_screen_widget_test.dart:79:20)
#83     testWidgets.<anonymous closure>.<anonymous closure> (package:flutter_test/src/widget_tester.dart:192:29)
<asynchronous suspension>
#84     TestWidgetsFlutterBinding._runTestBody (package:flutter_test/src/binding.dart:1059:5)
<asynchronous suspension>
<asynchronous suspension>
(elided 5 frames from dart:async and package:stack_trace)

ظـظـظـظـظـظـظـظـظـظـظـظـظـظـظـظـظـظـظـظـظـظـظـظـظـظـظـظـظـظـظـظـظـظـظـظـظـظـظـظـظـظـظـظـظـظـظـظـظـظـظـظـظـظـظـظـظـظـظـظـظـظـظـظـظـظـظـظـظـظـظـظـظـظـظـظـظـظـظـظـظـظـظـظـظـظـظـظـظـظـظـظـظـظـظـظـظـظـظـظـ
00:01 +12 -5: C:/Users/Hassan/.gemini/antigravity/scratch/home_repair_app/test/order_detail_screen_widget_test.dart: OrderDetailScreen Widget Tests does not show action buttons for accepted orders [E]
  Test failed. See exception logs above.
  The test description was: does not show action buttons for accepted orders
  
00:01 +12 -5: C:/Users/Hassan/.gemini/antigravity/scratch/home_repair_app/test/order_detail_screen_widget_test.dart: OrderDetailScreen Widget Tests shows navigate button
[90m[≡اî Easy Localization] [DEBUG] Start[0m
[90m[≡اî Easy Localization] [DEBUG] Init state[0m
ظـظـظـة EXCEPTION CAUGHT BY WIDGETS LIBRARY ظـئظـظـظـظـظـظـظـظـظـظـظـظـظـظـظـظـظـظـظـظـظـظـظـظـظـظـظـظـظـظـظـظـظـظـظـظـظـظـظـظـظـظـظـظـظـظـظـظـظـظـظـظـظـظـظـظـظـظـظـ
The following LateError was thrown building _FocusInheritedScope:
LateInitializationError: Field '_deviceLocale@1136168148' has not been initialized.

When the exception was thrown, this was the stack:
#0      EasyLocalizationController._deviceLocale (package:easy_localization/src/easy_localization_controller.dart)
#1      new EasyLocalizationController (package:easy_localization/src/easy_localization_controller.dart:61:9)
#2      _EasyLocalizationState.initState (package:easy_localization/src/easy_localization_app.dart:176:30)
#3      StatefulElement._firstBuild (package:flutter/src/widgets/framework.dart:5953:55)
#4      ComponentElement.mount (package:flutter/src/widgets/framework.dart:5796:5)
#5      Element.inflateWidget (package:flutter/src/widgets/framework.dart:4590:20)
#6      Element.updateChild (package:flutter/src/widgets/framework.dart:4053:20)
#7      ComponentElement.performRebuild (package:flutter/src/widgets/framework.dart:5844:16)
#8      Element.rebuild (package:flutter/src/widgets/framework.dart:5532:7)
#9      ProxyElement.update (package:flutter/src/widgets/framework.dart:6152:5)
#10     _InheritedNotifierElement.update (package:flutter/src/widgets/inherited_notifier.dart:108:11)
#11     Element.updateChild (package:flutter/src/widgets/framework.dart:4037:15)
#12     ComponentElement.performRebuild (package:flutter/src/widgets/framework.dart:5844:16)
#13     StatefulElement.performRebuild (package:flutter/src/widgets/framework.dart:5985:11)
#14     Element.rebuild (package:flutter/src/widgets/framework.dart:5532:7)
#15     StatefulElement.update (package:flutter/src/widgets/framework.dart:6010:5)
#16     Element.updateChild (package:flutter/src/widgets/framework.dart:4037:15)
#17     ComponentElement.performRebuild (package:flutter/src/widgets/framework.dart:5844:16)
#18     Element.rebuild (package:flutter/src/widgets/framework.dart:5532:7)
#19     ProxyElement.update (package:flutter/src/widgets/framework.dart:6152:5)
#20     _InheritedNotifierElement.update (package:flutter/src/widgets/inherited_notifier.dart:108:11)
#21     Element.updateChild (package:flutter/src/widgets/framework.dart:4037:15)
#22     ComponentElement.performRebuild (package:flutter/src/widgets/framework.dart:5844:16)
#23     StatefulElement.performRebuild (package:flutter/src/widgets/framework.dart:5985:11)
#24     Element.rebuild (package:flutter/src/widgets/framework.dart:5532:7)
#25     StatefulElement.update (package:flutter/src/widgets/framework.dart:6010:5)
#26     Element.updateChild (package:flutter/src/widgets/framework.dart:4037:15)
#27     ComponentElement.performRebuild (package:flutter/src/widgets/framework.dart:5844:16)
#28     StatefulElement.performRebuild (package:flutter/src/widgets/framework.dart:5985:11)
#29     Element.rebuild (package:flutter/src/widgets/framework.dart:5532:7)
#30     StatefulElement.update (package:flutter/src/widgets/framework.dart:6010:5)
#31     Element.updateChild (package:flutter/src/widgets/framework.dart:4037:15)
#32     ComponentElement.performRebuild (package:flutter/src/widgets/framework.dart:5844:16)
#33     Element.rebuild (package:flutter/src/widgets/framework.dart:5532:7)
#34     ProxyElement.update (package:flutter/src/widgets/framework.dart:6152:5)
#35     Element.updateChild (package:flutter/src/widgets/framework.dart:4037:15)
#36     ComponentElement.performRebuild (package:flutter/src/widgets/framework.dart:5844:16)
#37     StatefulElement.performRebuild (package:flutter/src/widgets/framework.dart:5985:11)
#38     Element.rebuild (package:flutter/src/widgets/framework.dart:5532:7)
#39     StatefulElement.update (package:flutter/src/widgets/framework.dart:6010:5)
#40     Element.updateChild (package:flutter/src/widgets/framework.dart:4037:15)
#41     ComponentElement.performRebuild (package:flutter/src/widgets/framework.dart:5844:16)
#42     Element.rebuild (package:flutter/src/widgets/framework.dart:5532:7)
#43     ProxyElement.update (package:flutter/src/widgets/framework.dart:6152:5)
#44     Element.updateChild (package:flutter/src/widgets/framework.dart:4037:15)
#45     ComponentElement.performRebuild (package:flutter/src/widgets/framework.dart:5844:16)
#46     Element.rebuild (package:flutter/src/widgets/framework.dart:5532:7)
#47     ProxyElement.update (package:flutter/src/widgets/framework.dart:6152:5)
#48     Element.updateChild (package:flutter/src/widgets/framework.dart:4037:15)
#49     _RawViewElement._updateChild (package:flutter/src/widgets/view.dart:481:16)
#50     _RawViewElement.update (package:flutter/src/widgets/view.dart:568:5)
#51     Element.updateChild (package:flutter/src/widgets/framework.dart:4037:15)
#52     ComponentElement.performRebuild (package:flutter/src/widgets/framework.dart:5844:16)
#53     Element.rebuild (package:flutter/src/widgets/framework.dart:5532:7)
#54     StatelessElement.update (package:flutter/src/widgets/framework.dart:5898:5)
#55     Element.updateChild (package:flutter/src/widgets/framework.dart:4037:15)
#56     ComponentElement.performRebuild (package:flutter/src/widgets/framework.dart:5844:16)
#57     StatefulElement.performRebuild (package:flutter/src/widgets/framework.dart:5985:11)
#58     Element.rebuild (package:flutter/src/widgets/framework.dart:5532:7)
#59     StatefulElement.update (package:flutter/src/widgets/framework.dart:6010:5)
#60     Element.updateChild (package:flutter/src/widgets/framework.dart:4037:15)
#61     RootElement._rebuild (package:flutter/src/widgets/binding.dart:1782:16)
#62     RootElement.update (package:flutter/src/widgets/binding.dart:1760:5)
#63     RootElement.performRebuild (package:flutter/src/widgets/binding.dart:1774:7)
#64     Element.rebuild (package:flutter/src/widgets/framework.dart:5532:7)
#65     BuildScope._tryRebuild (package:flutter/src/widgets/framework.dart:2750:15)
#66     BuildScope._flushDirtyElements (package:flutter/src/widgets/framework.dart:2807:11)
#67     BuildOwner.buildScope (package:flutter/src/widgets/framework.dart:3111:18)
#68     AutomatedTestWidgetsFlutterBinding.drawFrame (package:flutter_test/src/binding.dart:1506:19)
#69     RendererBinding._handlePersistentFrameCallback (package:flutter/src/rendering/binding.dart:495:5)
#70     SchedulerBinding._invokeFrameCallback (package:flutter/src/scheduler/binding.dart:1434:15)
#71     SchedulerBinding.handleDrawFrame (package:flutter/src/scheduler/binding.dart:1347:9)
#72     AutomatedTestWidgetsFlutterBinding.pump.<anonymous closure> (package:flutter_test/src/binding.dart:1335:9)
#75     TestAsyncUtils.guard (package:flutter_test/src/test_async_utils.dart:74:41)
#76     AutomatedTestWidgetsFlutterBinding.pump (package:flutter_test/src/binding.dart:1324:27)
#77     WidgetTester.pumpWidget.<anonymous closure> (package:flutter_test/src/widget_tester.dart:598:22)
#80     TestAsyncUtils.guard (package:flutter_test/src/test_async_utils.dart:74:41)
#81     WidgetTester.pumpWidget (package:flutter_test/src/widget_tester.dart:595:27)
#82     main.<anonymous closure>.<anonymous closure> (file:///C:/Users/Hassan/.gemini/antigravity/scratch/home_repair_app/test/order_detail_screen_widget_test.dart:87:20)
#83     testWidgets.<anonymous closure>.<anonymous closure> (package:flutter_test/src/widget_tester.dart:192:29)
<asynchronous suspension>
#84     TestWidgetsFlutterBinding._runTestBody (package:flutter_test/src/binding.dart:1059:5)
<asynchronous suspension>
<asynchronous suspension>
(elided 5 frames from dart:async and package:stack_trace)

ظـظـظـظـظـظـظـظـظـظـظـظـظـظـظـظـظـظـظـظـظـظـظـظـظـظـظـظـظـظـظـظـظـظـظـظـظـظـظـظـظـظـظـظـظـظـظـظـظـظـظـظـظـظـظـظـظـظـظـظـظـظـظـظـظـظـظـظـظـظـظـظـظـظـظـظـظـظـظـظـظـظـظـظـظـظـظـظـظـظـظـظـظـظـظـظـظـظـظـظـ
ظـظـظـة EXCEPTION CAUGHT BY FLUTTER TEST FRAMEWORK ظـئظـظـظـظـظـظـظـظـظـظـظـظـظـظـظـظـظـظـظـظـظـظـظـظـظـظـظـظـظـظـظـظـظـظـظـظـظـظـظـظـظـظـظـظـظـظـظـظـظـظـظـظـ
The following TestFailure was thrown running a test:
Expected: exactly one matching candidate
  Actual: _TextWidgetFinder:<Found 0 widgets with text "navigateToCustomer": []>
   Which: means none were found but one was expected

When the exception was thrown, this was the stack:
#4      main.<anonymous closure>.<anonymous closure> (file:///C:/Users/Hassan/.gemini/antigravity/scratch/home_repair_app/test/order_detail_screen_widget_test.dart:90:7)
<asynchronous suspension>
#5      testWidgets.<anonymous closure>.<anonymous closure> (package:flutter_test/src/widget_tester.dart:192:15)
<asynchronous suspension>
#6      TestWidgetsFlutterBinding._runTestBody (package:flutter_test/src/binding.dart:1059:5)
<asynchronous suspension>
<asynchronous suspension>
(elided one frame from package:stack_trace)

This was caught by the test expectation on the following line:
  file:///C:/Users/Hassan/.gemini/antigravity/scratch/home_repair_app/test/order_detail_screen_widget_test.dart line 90
The test description was:
  shows navigate button
ظـظـظـظـظـظـظـظـظـظـظـظـظـظـظـظـظـظـظـظـظـظـظـظـظـظـظـظـظـظـظـظـظـظـظـظـظـظـظـظـظـظـظـظـظـظـظـظـظـظـظـظـظـظـظـظـظـظـظـظـظـظـظـظـظـظـظـظـظـظـظـظـظـظـظـظـظـظـظـظـظـظـظـظـظـظـظـظـظـظـظـظـظـظـظـظـظـظـظـظـ
ظـظـظـة EXCEPTION CAUGHT BY FLUTTER TEST FRAMEWORK ظـئظـظـظـظـظـظـظـظـظـظـظـظـظـظـظـظـظـظـظـظـظـظـظـظـظـظـظـظـظـظـظـظـظـظـظـظـظـظـظـظـظـظـظـظـظـظـظـظـظـظـظـظـ
The following message was thrown:
Multiple exceptions (2) were detected during the running of the current test, and at least one was
unexpected.
ظـظـظـظـظـظـظـظـظـظـظـظـظـظـظـظـظـظـظـظـظـظـظـظـظـظـظـظـظـظـظـظـظـظـظـظـظـظـظـظـظـظـظـظـظـظـظـظـظـظـظـظـظـظـظـظـظـظـظـظـظـظـظـظـظـظـظـظـظـظـظـظـظـظـظـظـظـظـظـظـظـظـظـظـظـظـظـظـظـظـظـظـظـظـظـظـظـظـظـظـ
00:01 +12 -6: C:/Users/Hassan/.gemini/antigravity/scratch/home_repair_app/test/order_detail_screen_widget_test.dart: OrderDetailScreen Widget Tests shows navigate button [E]
  Test failed. See exception logs above.
  The test description was: shows navigate button
  
00:01 +12 -6: C:/Users/Hassan/.gemini/antigravity/scratch/home_repair_app/test/order_detail_screen_widget_test.dart: OrderDetailScreen Widget Tests shows unknown service when serviceName is null
[90m[≡اî Easy Localization] [DEBUG] Start[0m
[90m[≡اî Easy Localization] [DEBUG] Init state[0m
ظـظـظـة EXCEPTION CAUGHT BY WIDGETS LIBRARY ظـئظـظـظـظـظـظـظـظـظـظـظـظـظـظـظـظـظـظـظـظـظـظـظـظـظـظـظـظـظـظـظـظـظـظـظـظـظـظـظـظـظـظـظـظـظـظـظـظـظـظـظـظـظـظـظـظـظـظـظـ
The following LateError was thrown building _FocusInheritedScope:
LateInitializationError: Field '_deviceLocale@1136168148' has not been initialized.

When the exception was thrown, this was the stack:
#0      EasyLocalizationController._deviceLocale (package:easy_localization/src/easy_localization_controller.dart)
#1      new EasyLocalizationController (package:easy_localization/src/easy_localization_controller.dart:61:9)
#2      _EasyLocalizationState.initState (package:easy_localization/src/easy_localization_app.dart:176:30)
#3      StatefulElement._firstBuild (package:flutter/src/widgets/framework.dart:5953:55)
#4      ComponentElement.mount (package:flutter/src/widgets/framework.dart:5796:5)
#5      Element.inflateWidget (package:flutter/src/widgets/framework.dart:4590:20)
#6      Element.updateChild (package:flutter/src/widgets/framework.dart:4053:20)
#7      ComponentElement.performRebuild (package:flutter/src/widgets/framework.dart:5844:16)
#8      Element.rebuild (package:flutter/src/widgets/framework.dart:5532:7)
#9      ProxyElement.update (package:flutter/src/widgets/framework.dart:6152:5)
#10     _InheritedNotifierElement.update (package:flutter/src/widgets/inherited_notifier.dart:108:11)
#11     Element.updateChild (package:flutter/src/widgets/framework.dart:4037:15)
#12     ComponentElement.performRebuild (package:flutter/src/widgets/framework.dart:5844:16)
#13     StatefulElement.performRebuild (package:flutter/src/widgets/framework.dart:5985:11)
#14     Element.rebuild (package:flutter/src/widgets/framework.dart:5532:7)
#15     StatefulElement.update (package:flutter/src/widgets/framework.dart:6010:5)
#16     Element.updateChild (package:flutter/src/widgets/framework.dart:4037:15)
#17     ComponentElement.performRebuild (package:flutter/src/widgets/framework.dart:5844:16)
#18     Element.rebuild (package:flutter/src/widgets/framework.dart:5532:7)
#19     ProxyElement.update (package:flutter/src/widgets/framework.dart:6152:5)
#20     _InheritedNotifierElement.update (package:flutter/src/widgets/inherited_notifier.dart:108:11)
#21     Element.updateChild (package:flutter/src/widgets/framework.dart:4037:15)
#22     ComponentElement.performRebuild (package:flutter/src/widgets/framework.dart:5844:16)
#23     StatefulElement.performRebuild (package:flutter/src/widgets/framework.dart:5985:11)
#24     Element.rebuild (package:flutter/src/widgets/framework.dart:5532:7)
#25     StatefulElement.update (package:flutter/src/widgets/framework.dart:6010:5)
#26     Element.updateChild (package:flutter/src/widgets/framework.dart:4037:15)
#27     ComponentElement.performRebuild (package:flutter/src/widgets/framework.dart:5844:16)
#28     StatefulElement.performRebuild (package:flutter/src/widgets/framework.dart:5985:11)
#29     Element.rebuild (package:flutter/src/widgets/framework.dart:5532:7)
#30     StatefulElement.update (package:flutter/src/widgets/framework.dart:6010:5)
#31     Element.updateChild (package:flutter/src/widgets/framework.dart:4037:15)
#32     ComponentElement.performRebuild (package:flutter/src/widgets/framework.dart:5844:16)
#33     Element.rebuild (package:flutter/src/widgets/framework.dart:5532:7)
#34     ProxyElement.update (package:flutter/src/widgets/framework.dart:6152:5)
#35     Element.updateChild (package:flutter/src/widgets/framework.dart:4037:15)
#36     ComponentElement.performRebuild (package:flutter/src/widgets/framework.dart:5844:16)
#37     StatefulElement.performRebuild (package:flutter/src/widgets/framework.dart:5985:11)
#38     Element.rebuild (package:flutter/src/widgets/framework.dart:5532:7)
#39     StatefulElement.update (package:flutter/src/widgets/framework.dart:6010:5)
#40     Element.updateChild (package:flutter/src/widgets/framework.dart:4037:15)
#41     ComponentElement.performRebuild (package:flutter/src/widgets/framework.dart:5844:16)
#42     Element.rebuild (package:flutter/src/widgets/framework.dart:5532:7)
#43     ProxyElement.update (package:flutter/src/widgets/framework.dart:6152:5)
#44     Element.updateChild (package:flutter/src/widgets/framework.dart:4037:15)
#45     ComponentElement.performRebuild (package:flutter/src/widgets/framework.dart:5844:16)
#46     Element.rebuild (package:flutter/src/widgets/framework.dart:5532:7)
#47     ProxyElement.update (package:flutter/src/widgets/framework.dart:6152:5)
#48     Element.updateChild (package:flutter/src/widgets/framework.dart:4037:15)
#49     _RawViewElement._updateChild (package:flutter/src/widgets/view.dart:481:16)
#50     _RawViewElement.update (package:flutter/src/widgets/view.dart:568:5)
#51     Element.updateChild (package:flutter/src/widgets/framework.dart:4037:15)
#52     ComponentElement.performRebuild (package:flutter/src/widgets/framework.dart:5844:16)
#53     Element.rebuild (package:flutter/src/widgets/framework.dart:5532:7)
#54     StatelessElement.update (package:flutter/src/widgets/framework.dart:5898:5)
#55     Element.updateChild (package:flutter/src/widgets/framework.dart:4037:15)
#56     ComponentElement.performRebuild (package:flutter/src/widgets/framework.dart:5844:16)
#57     StatefulElement.performRebuild (package:flutter/src/widgets/framework.dart:5985:11)
#58     Element.rebuild (package:flutter/src/widgets/framework.dart:5532:7)
#59     StatefulElement.update (package:flutter/src/widgets/framework.dart:6010:5)
#60     Element.updateChild (package:flutter/src/widgets/framework.dart:4037:15)
#61     RootElement._rebuild (package:flutter/src/widgets/binding.dart:1782:16)
#62     RootElement.update (package:flutter/src/widgets/binding.dart:1760:5)
#63     RootElement.performRebuild (package:flutter/src/widgets/binding.dart:1774:7)
#64     Element.rebuild (package:flutter/src/widgets/framework.dart:5532:7)
#65     BuildScope._tryRebuild (package:flutter/src/widgets/framework.dart:2750:15)
#66     BuildScope._flushDirtyElements (package:flutter/src/widgets/framework.dart:2807:11)
#67     BuildOwner.buildScope (package:flutter/src/widgets/framework.dart:3111:18)
#68     AutomatedTestWidgetsFlutterBinding.drawFrame (package:flutter_test/src/binding.dart:1506:19)
#69     RendererBinding._handlePersistentFrameCallback (package:flutter/src/rendering/binding.dart:495:5)
#70     SchedulerBinding._invokeFrameCallback (package:flutter/src/scheduler/binding.dart:1434:15)
#71     SchedulerBinding.handleDrawFrame (package:flutter/src/scheduler/binding.dart:1347:9)
#72     AutomatedTestWidgetsFlutterBinding.pump.<anonymous closure> (package:flutter_test/src/binding.dart:1335:9)
#75     TestAsyncUtils.guard (package:flutter_test/src/test_async_utils.dart:74:41)
#76     AutomatedTestWidgetsFlutterBinding.pump (package:flutter_test/src/binding.dart:1324:27)
#77     WidgetTester.pumpWidget.<anonymous closure> (package:flutter_test/src/widget_tester.dart:598:22)
#80     TestAsyncUtils.guard (package:flutter_test/src/test_async_utils.dart:74:41)
#81     WidgetTester.pumpWidget (package:flutter_test/src/widget_tester.dart:595:27)
#82     main.<anonymous closure>.<anonymous closure> (file:///C:/Users/Hassan/.gemini/antigravity/scratch/home_repair_app/test/order_detail_screen_widget_test.dart:97:20)
#83     testWidgets.<anonymous closure>.<anonymous closure> (package:flutter_test/src/widget_tester.dart:192:29)
<asynchronous suspension>
#84     TestWidgetsFlutterBinding._runTestBody (package:flutter_test/src/binding.dart:1059:5)
<asynchronous suspension>
<asynchronous suspension>
(elided 5 frames from dart:async and package:stack_trace)

ظـظـظـظـظـظـظـظـظـظـظـظـظـظـظـظـظـظـظـظـظـظـظـظـظـظـظـظـظـظـظـظـظـظـظـظـظـظـظـظـظـظـظـظـظـظـظـظـظـظـظـظـظـظـظـظـظـظـظـظـظـظـظـظـظـظـظـظـظـظـظـظـظـظـظـظـظـظـظـظـظـظـظـظـظـظـظـظـظـظـظـظـظـظـظـظـظـظـظـظـ
ظـظـظـة EXCEPTION CAUGHT BY FLUTTER TEST FRAMEWORK ظـئظـظـظـظـظـظـظـظـظـظـظـظـظـظـظـظـظـظـظـظـظـظـظـظـظـظـظـظـظـظـظـظـظـظـظـظـظـظـظـظـظـظـظـظـظـظـظـظـظـظـظـظـ
The following TestFailure was thrown running a test:
Expected: exactly one matching candidate
  Actual: _TextWidgetFinder:<Found 0 widgets with text "Unknown Service": []>
   Which: means none were found but one was expected

When the exception was thrown, this was the stack:
#4      main.<anonymous closure>.<anonymous closure> (file:///C:/Users/Hassan/.gemini/antigravity/scratch/home_repair_app/test/order_detail_screen_widget_test.dart:100:7)
<asynchronous suspension>
#5      testWidgets.<anonymous closure>.<anonymous closure> (package:flutter_test/src/widget_tester.dart:192:15)
<asynchronous suspension>
#6      TestWidgetsFlutterBinding._runTestBody (package:flutter_test/src/binding.dart:1059:5)
<asynchronous suspension>
<asynchronous suspension>
(elided one frame from package:stack_trace)

This was caught by the test expectation on the following line:
  file:///C:/Users/Hassan/.gemini/antigravity/scratch/home_repair_app/test/order_detail_screen_widget_test.dart line 100
The test description was:
  shows unknown service when serviceName is null
ظـظـظـظـظـظـظـظـظـظـظـظـظـظـظـظـظـظـظـظـظـظـظـظـظـظـظـظـظـظـظـظـظـظـظـظـظـظـظـظـظـظـظـظـظـظـظـظـظـظـظـظـظـظـظـظـظـظـظـظـظـظـظـظـظـظـظـظـظـظـظـظـظـظـظـظـظـظـظـظـظـظـظـظـظـظـظـظـظـظـظـظـظـظـظـظـظـظـظـظـ
ظـظـظـة EXCEPTION CAUGHT BY FLUTTER TEST FRAMEWORK ظـئظـظـظـظـظـظـظـظـظـظـظـظـظـظـظـظـظـظـظـظـظـظـظـظـظـظـظـظـظـظـظـظـظـظـظـظـظـظـظـظـظـظـظـظـظـظـظـظـظـظـظـظـ
The following message was thrown:
Multiple exceptions (2) were detected during the running of the current test, and at least one was
unexpected.
ظـظـظـظـظـظـظـظـظـظـظـظـظـظـظـظـظـظـظـظـظـظـظـظـظـظـظـظـظـظـظـظـظـظـظـظـظـظـظـظـظـظـظـظـظـظـظـظـظـظـظـظـظـظـظـظـظـظـظـظـظـظـظـظـظـظـظـظـظـظـظـظـظـظـظـظـظـظـظـظـظـظـظـظـظـظـظـظـظـظـظـظـظـظـظـظـظـظـظـظـ
00:01 +12 -7: C:/Users/Hassan/.gemini/antigravity/scratch/home_repair_app/test/order_detail_screen_widget_test.dart: OrderDetailScreen Widget Tests shows unknown service when serviceName is null [E]
  Test failed. See exception logs above.
  The test description was: shows unknown service when serviceName is null
  
00:01 +12 -7: C:/Users/Hassan/.gemini/antigravity/scratch/home_repair_app/test/order_detail_screen_widget_test.dart: OrderDetailScreen Widget Tests shows unknown customer when customerName is null
[90m[≡اî Easy Localization] [DEBUG] Start[0m
[90m[≡اî Easy Localization] [DEBUG] Init state[0m
ظـظـظـة EXCEPTION CAUGHT BY WIDGETS LIBRARY ظـئظـظـظـظـظـظـظـظـظـظـظـظـظـظـظـظـظـظـظـظـظـظـظـظـظـظـظـظـظـظـظـظـظـظـظـظـظـظـظـظـظـظـظـظـظـظـظـظـظـظـظـظـظـظـظـظـظـظـظـ
The following LateError was thrown building _FocusInheritedScope:
LateInitializationError: Field '_deviceLocale@1136168148' has not been initialized.

When the exception was thrown, this was the stack:
#0      EasyLocalizationController._deviceLocale (package:easy_localization/src/easy_localization_controller.dart)
#1      new EasyLocalizationController (package:easy_localization/src/easy_localization_controller.dart:61:9)
#2      _EasyLocalizationState.initState (package:easy_localization/src/easy_localization_app.dart:176:30)
#3      StatefulElement._firstBuild (package:flutter/src/widgets/framework.dart:5953:55)
#4      ComponentElement.mount (package:flutter/src/widgets/framework.dart:5796:5)
#5      Element.inflateWidget (package:flutter/src/widgets/framework.dart:4590:20)
#6      Element.updateChild (package:flutter/src/widgets/framework.dart:4053:20)
#7      ComponentElement.performRebuild (package:flutter/src/widgets/framework.dart:5844:16)
#8      Element.rebuild (package:flutter/src/widgets/framework.dart:5532:7)
#9      ProxyElement.update (package:flutter/src/widgets/framework.dart:6152:5)
#10     _InheritedNotifierElement.update (package:flutter/src/widgets/inherited_notifier.dart:108:11)
#11     Element.updateChild (package:flutter/src/widgets/framework.dart:4037:15)
#12     ComponentElement.performRebuild (package:flutter/src/widgets/framework.dart:5844:16)
#13     StatefulElement.performRebuild (package:flutter/src/widgets/framework.dart:5985:11)
#14     Element.rebuild (package:flutter/src/widgets/framework.dart:5532:7)
#15     StatefulElement.update (package:flutter/src/widgets/framework.dart:6010:5)
#16     Element.updateChild (package:flutter/src/widgets/framework.dart:4037:15)
#17     ComponentElement.performRebuild (package:flutter/src/widgets/framework.dart:5844:16)
#18     Element.rebuild (package:flutter/src/widgets/framework.dart:5532:7)
#19     ProxyElement.update (package:flutter/src/widgets/framework.dart:6152:5)
#20     _InheritedNotifierElement.update (package:flutter/src/widgets/inherited_notifier.dart:108:11)
#21     Element.updateChild (package:flutter/src/widgets/framework.dart:4037:15)
#22     ComponentElement.performRebuild (package:flutter/src/widgets/framework.dart:5844:16)
#23     StatefulElement.performRebuild (package:flutter/src/widgets/framework.dart:5985:11)
#24     Element.rebuild (package:flutter/src/widgets/framework.dart:5532:7)
#25     StatefulElement.update (package:flutter/src/widgets/framework.dart:6010:5)
#26     Element.updateChild (package:flutter/src/widgets/framework.dart:4037:15)
#27     ComponentElement.performRebuild (package:flutter/src/widgets/framework.dart:5844:16)
#28     StatefulElement.performRebuild (package:flutter/src/widgets/framework.dart:5985:11)
#29     Element.rebuild (package:flutter/src/widgets/framework.dart:5532:7)
#30     StatefulElement.update (package:flutter/src/widgets/framework.dart:6010:5)
#31     Element.updateChild (package:flutter/src/widgets/framework.dart:4037:15)
#32     ComponentElement.performRebuild (package:flutter/src/widgets/framework.dart:5844:16)
#33     Element.rebuild (package:flutter/src/widgets/framework.dart:5532:7)
#34     ProxyElement.update (package:flutter/src/widgets/framework.dart:6152:5)
#35     Element.updateChild (package:flutter/src/widgets/framework.dart:4037:15)
#36     ComponentElement.performRebuild (package:flutter/src/widgets/framework.dart:5844:16)
#37     StatefulElement.performRebuild (package:flutter/src/widgets/framework.dart:5985:11)
#38     Element.rebuild (package:flutter/src/widgets/framework.dart:5532:7)
#39     StatefulElement.update (package:flutter/src/widgets/framework.dart:6010:5)
#40     Element.updateChild (package:flutter/src/widgets/framework.dart:4037:15)
#41     ComponentElement.performRebuild (package:flutter/src/widgets/framework.dart:5844:16)
#42     Element.rebuild (package:flutter/src/widgets/framework.dart:5532:7)
#43     ProxyElement.update (package:flutter/src/widgets/framework.dart:6152:5)
#44     Element.updateChild (package:flutter/src/widgets/framework.dart:4037:15)
#45     ComponentElement.performRebuild (package:flutter/src/widgets/framework.dart:5844:16)
#46     Element.rebuild (package:flutter/src/widgets/framework.dart:5532:7)
#47     ProxyElement.update (package:flutter/src/widgets/framework.dart:6152:5)
#48     Element.updateChild (package:flutter/src/widgets/framework.dart:4037:15)
#49     _RawViewElement._updateChild (package:flutter/src/widgets/view.dart:481:16)
#50     _RawViewElement.update (package:flutter/src/widgets/view.dart:568:5)
#51     Element.updateChild (package:flutter/src/widgets/framework.dart:4037:15)
#52     ComponentElement.performRebuild (package:flutter/src/widgets/framework.dart:5844:16)
#53     Element.rebuild (package:flutter/src/widgets/framework.dart:5532:7)
#54     StatelessElement.update (package:flutter/src/widgets/framework.dart:5898:5)
#55     Element.updateChild (package:flutter/src/widgets/framework.dart:4037:15)
#56     ComponentElement.performRebuild (package:flutter/src/widgets/framework.dart:5844:16)
#57     StatefulElement.performRebuild (package:flutter/src/widgets/framework.dart:5985:11)
#58     Element.rebuild (package:flutter/src/widgets/framework.dart:5532:7)
#59     StatefulElement.update (package:flutter/src/widgets/framework.dart:6010:5)
#60     Element.updateChild (package:flutter/src/widgets/framework.dart:4037:15)
#61     RootElement._rebuild (package:flutter/src/widgets/binding.dart:1782:16)
#62     RootElement.update (package:flutter/src/widgets/binding.dart:1760:5)
#63     RootElement.performRebuild (package:flutter/src/widgets/binding.dart:1774:7)
#64     Element.rebuild (package:flutter/src/widgets/framework.dart:5532:7)
#65     BuildScope._tryRebuild (package:flutter/src/widgets/framework.dart:2750:15)
#66     BuildScope._flushDirtyElements (package:flutter/src/widgets/framework.dart:2807:11)
#67     BuildOwner.buildScope (package:flutter/src/widgets/framework.dart:3111:18)
#68     AutomatedTestWidgetsFlutterBinding.drawFrame (package:flutter_test/src/binding.dart:1506:19)
#69     RendererBinding._handlePersistentFrameCallback (package:flutter/src/rendering/binding.dart:495:5)
#70     SchedulerBinding._invokeFrameCallback (package:flutter/src/scheduler/binding.dart:1434:15)
#71     SchedulerBinding.handleDrawFrame (package:flutter/src/scheduler/binding.dart:1347:9)
#72     AutomatedTestWidgetsFlutterBinding.pump.<anonymous closure> (package:flutter_test/src/binding.dart:1335:9)
#75     TestAsyncUtils.guard (package:flutter_test/src/test_async_utils.dart:74:41)
#76     AutomatedTestWidgetsFlutterBinding.pump (package:flutter_test/src/binding.dart:1324:27)
#77     WidgetTester.pumpWidget.<anonymous closure> (package:flutter_test/src/widget_tester.dart:598:22)
#80     TestAsyncUtils.guard (package:flutter_test/src/test_async_utils.dart:74:41)
#81     WidgetTester.pumpWidget (package:flutter_test/src/widget_tester.dart:595:27)
#82     main.<anonymous closure>.<anonymous closure> (file:///C:/Users/Hassan/.gemini/antigravity/scratch/home_repair_app/test/order_detail_screen_widget_test.dart:107:20)
#83     testWidgets.<anonymous closure>.<anonymous closure> (package:flutter_test/src/widget_tester.dart:192:29)
<asynchronous suspension>
#84     TestWidgetsFlutterBinding._runTestBody (package:flutter_test/src/binding.dart:1059:5)
<asynchronous suspension>
<asynchronous suspension>
(elided 5 frames from dart:async and package:stack_trace)

ظـظـظـظـظـظـظـظـظـظـظـظـظـظـظـظـظـظـظـظـظـظـظـظـظـظـظـظـظـظـظـظـظـظـظـظـظـظـظـظـظـظـظـظـظـظـظـظـظـظـظـظـظـظـظـظـظـظـظـظـظـظـظـظـظـظـظـظـظـظـظـظـظـظـظـظـظـظـظـظـظـظـظـظـظـظـظـظـظـظـظـظـظـظـظـظـظـظـظـظـ
ظـظـظـة EXCEPTION CAUGHT BY FLUTTER TEST FRAMEWORK ظـئظـظـظـظـظـظـظـظـظـظـظـظـظـظـظـظـظـظـظـظـظـظـظـظـظـظـظـظـظـظـظـظـظـظـظـظـظـظـظـظـظـظـظـظـظـظـظـظـظـظـظـظـ
The following TestFailure was thrown running a test:
Expected: exactly one matching candidate
  Actual: _TextWidgetFinder:<Found 0 widgets with text "Unknown Customer": []>
   Which: means none were found but one was expected

When the exception was thrown, this was the stack:
#4      main.<anonymous closure>.<anonymous closure> (file:///C:/Users/Hassan/.gemini/antigravity/scratch/home_repair_app/test/order_detail_screen_widget_test.dart:110:7)
<asynchronous suspension>
#5      testWidgets.<anonymous closure>.<anonymous closure> (package:flutter_test/src/widget_tester.dart:192:15)
<asynchronous suspension>
#6      TestWidgetsFlutterBinding._runTestBody (package:flutter_test/src/binding.dart:1059:5)
<asynchronous suspension>
<asynchronous suspension>
(elided one frame from package:stack_trace)

This was caught by the test expectation on the following line:
  file:///C:/Users/Hassan/.gemini/antigravity/scratch/home_repair_app/test/order_detail_screen_widget_test.dart line 110
The test description was:
  shows unknown customer when customerName is null
ظـظـظـظـظـظـظـظـظـظـظـظـظـظـظـظـظـظـظـظـظـظـظـظـظـظـظـظـظـظـظـظـظـظـظـظـظـظـظـظـظـظـظـظـظـظـظـظـظـظـظـظـظـظـظـظـظـظـظـظـظـظـظـظـظـظـظـظـظـظـظـظـظـظـظـظـظـظـظـظـظـظـظـظـظـظـظـظـظـظـظـظـظـظـظـظـظـظـظـظـ
ظـظـظـة EXCEPTION CAUGHT BY FLUTTER TEST FRAMEWORK ظـئظـظـظـظـظـظـظـظـظـظـظـظـظـظـظـظـظـظـظـظـظـظـظـظـظـظـظـظـظـظـظـظـظـظـظـظـظـظـظـظـظـظـظـظـظـظـظـظـظـظـظـظـ
The following message was thrown:
Multiple exceptions (2) were detected during the running of the current test, and at least one was
unexpected.
ظـظـظـظـظـظـظـظـظـظـظـظـظـظـظـظـظـظـظـظـظـظـظـظـظـظـظـظـظـظـظـظـظـظـظـظـظـظـظـظـظـظـظـظـظـظـظـظـظـظـظـظـظـظـظـظـظـظـظـظـظـظـظـظـظـظـظـظـظـظـظـظـظـظـظـظـظـظـظـظـظـظـظـظـظـظـظـظـظـظـظـظـظـظـظـظـظـظـظـظـ
00:01 +12 -8: C:/Users/Hassan/.gemini/antigravity/scratch/home_repair_app/test/order_detail_screen_widget_test.dart: OrderDetailScreen Widget Tests shows unknown customer when customerName is null [E]
  Test failed. See exception logs above.
  The test description was: shows unknown customer when customerName is null
  
00:01 +12 -8: C:/Users/Hassan/.gemini/antigravity/scratch/home_repair_app/test/order_detail_screen_widget_test.dart: OrderDetailScreen Widget Tests displays status badge
[90m[≡اî Easy Localization] [DEBUG] Start[0m
[90m[≡اî Easy Localization] [DEBUG] Init state[0m
ظـظـظـة EXCEPTION CAUGHT BY WIDGETS LIBRARY ظـئظـظـظـظـظـظـظـظـظـظـظـظـظـظـظـظـظـظـظـظـظـظـظـظـظـظـظـظـظـظـظـظـظـظـظـظـظـظـظـظـظـظـظـظـظـظـظـظـظـظـظـظـظـظـظـظـظـظـظـ
The following LateError was thrown building _FocusInheritedScope:
LateInitializationError: Field '_deviceLocale@1136168148' has not been initialized.

When the exception was thrown, this was the stack:
#0      EasyLocalizationController._deviceLocale (package:easy_localization/src/easy_localization_controller.dart)
#1      new EasyLocalizationController (package:easy_localization/src/easy_localization_controller.dart:61:9)
#2      _EasyLocalizationState.initState (package:easy_localization/src/easy_localization_app.dart:176:30)
#3      StatefulElement._firstBuild (package:flutter/src/widgets/framework.dart:5953:55)
#4      ComponentElement.mount (package:flutter/src/widgets/framework.dart:5796:5)
#5      Element.inflateWidget (package:flutter/src/widgets/framework.dart:4590:20)
#6      Element.updateChild (package:flutter/src/widgets/framework.dart:4053:20)
#7      ComponentElement.performRebuild (package:flutter/src/widgets/framework.dart:5844:16)
#8      Element.rebuild (package:flutter/src/widgets/framework.dart:5532:7)
#9      ProxyElement.update (package:flutter/src/widgets/framework.dart:6152:5)
#10     _InheritedNotifierElement.update (package:flutter/src/widgets/inherited_notifier.dart:108:11)
#11     Element.updateChild (package:flutter/src/widgets/framework.dart:4037:15)
#12     ComponentElement.performRebuild (package:flutter/src/widgets/framework.dart:5844:16)
#13     StatefulElement.performRebuild (package:flutter/src/widgets/framework.dart:5985:11)
#14     Element.rebuild (package:flutter/src/widgets/framework.dart:5532:7)
#15     StatefulElement.update (package:flutter/src/widgets/framework.dart:6010:5)
#16     Element.updateChild (package:flutter/src/widgets/framework.dart:4037:15)
#17     ComponentElement.performRebuild (package:flutter/src/widgets/framework.dart:5844:16)
#18     Element.rebuild (package:flutter/src/widgets/framework.dart:5532:7)
#19     ProxyElement.update (package:flutter/src/widgets/framework.dart:6152:5)
#20     _InheritedNotifierElement.update (package:flutter/src/widgets/inherited_notifier.dart:108:11)
#21     Element.updateChild (package:flutter/src/widgets/framework.dart:4037:15)
#22     ComponentElement.performRebuild (package:flutter/src/widgets/framework.dart:5844:16)
#23     StatefulElement.performRebuild (package:flutter/src/widgets/framework.dart:5985:11)
#24     Element.rebuild (package:flutter/src/widgets/framework.dart:5532:7)
#25     StatefulElement.update (package:flutter/src/widgets/framework.dart:6010:5)
#26     Element.updateChild (package:flutter/src/widgets/framework.dart:4037:15)
#27     ComponentElement.performRebuild (package:flutter/src/widgets/framework.dart:5844:16)
#28     StatefulElement.performRebuild (package:flutter/src/widgets/framework.dart:5985:11)
#29     Element.rebuild (package:flutter/src/widgets/framework.dart:5532:7)
#30     StatefulElement.update (package:flutter/src/widgets/framework.dart:6010:5)
#31     Element.updateChild (package:flutter/src/widgets/framework.dart:4037:15)
#32     ComponentElement.performRebuild (package:flutter/src/widgets/framework.dart:5844:16)
#33     Element.rebuild (package:flutter/src/widgets/framework.dart:5532:7)
#34     ProxyElement.update (package:flutter/src/widgets/framework.dart:6152:5)
#35     Element.updateChild (package:flutter/src/widgets/framework.dart:4037:15)
#36     ComponentElement.performRebuild (package:flutter/src/widgets/framework.dart:5844:16)
#37     StatefulElement.performRebuild (package:flutter/src/widgets/framework.dart:5985:11)
#38     Element.rebuild (package:flutter/src/widgets/framework.dart:5532:7)
#39     StatefulElement.update (package:flutter/src/widgets/framework.dart:6010:5)
#40     Element.updateChild (package:flutter/src/widgets/framework.dart:4037:15)
#41     ComponentElement.performRebuild (package:flutter/src/widgets/framework.dart:5844:16)
#42     Element.rebuild (package:flutter/src/widgets/framework.dart:5532:7)
#43     ProxyElement.update (package:flutter/src/widgets/framework.dart:6152:5)
#44     Element.updateChild (package:flutter/src/widgets/framework.dart:4037:15)
#45     ComponentElement.performRebuild (package:flutter/src/widgets/framework.dart:5844:16)
#46     Element.rebuild (package:flutter/src/widgets/framework.dart:5532:7)
#47     ProxyElement.update (package:flutter/src/widgets/framework.dart:6152:5)
#48     Element.updateChild (package:flutter/src/widgets/framework.dart:4037:15)
#49     _RawViewElement._updateChild (package:flutter/src/widgets/view.dart:481:16)
#50     _RawViewElement.update (package:flutter/src/widgets/view.dart:568:5)
#51     Element.updateChild (package:flutter/src/widgets/framework.dart:4037:15)
#52     ComponentElement.performRebuild (package:flutter/src/widgets/framework.dart:5844:16)
#53     Element.rebuild (package:flutter/src/widgets/framework.dart:5532:7)
#54     StatelessElement.update (package:flutter/src/widgets/framework.dart:5898:5)
#55     Element.updateChild (package:flutter/src/widgets/framework.dart:4037:15)
#56     ComponentElement.performRebuild (package:flutter/src/widgets/framework.dart:5844:16)
#57     StatefulElement.performRebuild (package:flutter/src/widgets/framework.dart:5985:11)
#58     Element.rebuild (package:flutter/src/widgets/framework.dart:5532:7)
#59     StatefulElement.update (package:flutter/src/widgets/framework.dart:6010:5)
#60     Element.updateChild (package:flutter/src/widgets/framework.dart:4037:15)
#61     RootElement._rebuild (package:flutter/src/widgets/binding.dart:1782:16)
#62     RootElement.update (package:flutter/src/widgets/binding.dart:1760:5)
#63     RootElement.performRebuild (package:flutter/src/widgets/binding.dart:1774:7)
#64     Element.rebuild (package:flutter/src/widgets/framework.dart:5532:7)
#65     BuildScope._tryRebuild (package:flutter/src/widgets/framework.dart:2750:15)
#66     BuildScope._flushDirtyElements (package:flutter/src/widgets/framework.dart:2807:11)
#67     BuildOwner.buildScope (package:flutter/src/widgets/framework.dart:3111:18)
#68     AutomatedTestWidgetsFlutterBinding.drawFrame (package:flutter_test/src/binding.dart:1506:19)
#69     RendererBinding._handlePersistentFrameCallback (package:flutter/src/rendering/binding.dart:495:5)
#70     SchedulerBinding._invokeFrameCallback (package:flutter/src/scheduler/binding.dart:1434:15)
#71     SchedulerBinding.handleDrawFrame (package:flutter/src/scheduler/binding.dart:1347:9)
#72     AutomatedTestWidgetsFlutterBinding.pump.<anonymous closure> (package:flutter_test/src/binding.dart:1335:9)
#75     TestAsyncUtils.guard (package:flutter_test/src/test_async_utils.dart:74:41)
#76     AutomatedTestWidgetsFlutterBinding.pump (package:flutter_test/src/binding.dart:1324:27)
#77     WidgetTester.pumpWidget.<anonymous closure> (package:flutter_test/src/widget_tester.dart:598:22)
#80     TestAsyncUtils.guard (package:flutter_test/src/test_async_utils.dart:74:41)
#81     WidgetTester.pumpWidget (package:flutter_test/src/widget_tester.dart:595:27)
#82     main.<anonymous closure>.<anonymous closure> (file:///C:/Users/Hassan/.gemini/antigravity/scratch/home_repair_app/test/order_detail_screen_widget_test.dart:114:20)
#83     testWidgets.<anonymous closure>.<anonymous closure> (package:flutter_test/src/widget_tester.dart:192:29)
<asynchronous suspension>
#84     TestWidgetsFlutterBinding._runTestBody (package:flutter_test/src/binding.dart:1059:5)
<asynchronous suspension>
<asynchronous suspension>
(elided 5 frames from dart:async and package:stack_trace)

ظـظـظـظـظـظـظـظـظـظـظـظـظـظـظـظـظـظـظـظـظـظـظـظـظـظـظـظـظـظـظـظـظـظـظـظـظـظـظـظـظـظـظـظـظـظـظـظـظـظـظـظـظـظـظـظـظـظـظـظـظـظـظـظـظـظـظـظـظـظـظـظـظـظـظـظـظـظـظـظـظـظـظـظـظـظـظـظـظـظـظـظـظـظـظـظـظـظـظـظـ
ظـظـظـة EXCEPTION CAUGHT BY FLUTTER TEST FRAMEWORK ظـئظـظـظـظـظـظـظـظـظـظـظـظـظـظـظـظـظـظـظـظـظـظـظـظـظـظـظـظـظـظـظـظـظـظـظـظـظـظـظـظـظـظـظـظـظـظـظـظـظـظـظـظـ
The following TestFailure was thrown running a test:
Expected: exactly one matching candidate
  Actual: _TextWidgetFinder:<Found 0 widgets with text "PENDING": []>
   Which: means none were found but one was expected

When the exception was thrown, this was the stack:
#4      main.<anonymous closure>.<anonymous closure> (file:///C:/Users/Hassan/.gemini/antigravity/scratch/home_repair_app/test/order_detail_screen_widget_test.dart:118:7)
<asynchronous suspension>
#5      testWidgets.<anonymous closure>.<anonymous closure> (package:flutter_test/src/widget_tester.dart:192:15)
<asynchronous suspension>
#6      TestWidgetsFlutterBinding._runTestBody (package:flutter_test/src/binding.dart:1059:5)
<asynchronous suspension>
<asynchronous suspension>
(elided one frame from package:stack_trace)

This was caught by the test expectation on the following line:
  file:///C:/Users/Hassan/.gemini/antigravity/scratch/home_repair_app/test/order_detail_screen_widget_test.dart line 118
The test description was:
  displays status badge
ظـظـظـظـظـظـظـظـظـظـظـظـظـظـظـظـظـظـظـظـظـظـظـظـظـظـظـظـظـظـظـظـظـظـظـظـظـظـظـظـظـظـظـظـظـظـظـظـظـظـظـظـظـظـظـظـظـظـظـظـظـظـظـظـظـظـظـظـظـظـظـظـظـظـظـظـظـظـظـظـظـظـظـظـظـظـظـظـظـظـظـظـظـظـظـظـظـظـظـظـ
ظـظـظـة EXCEPTION CAUGHT BY FLUTTER TEST FRAMEWORK ظـئظـظـظـظـظـظـظـظـظـظـظـظـظـظـظـظـظـظـظـظـظـظـظـظـظـظـظـظـظـظـظـظـظـظـظـظـظـظـظـظـظـظـظـظـظـظـظـظـظـظـظـظـ
The following message was thrown:
Multiple exceptions (2) were detected during the running of the current test, and at least one was
unexpected.
ظـظـظـظـظـظـظـظـظـظـظـظـظـظـظـظـظـظـظـظـظـظـظـظـظـظـظـظـظـظـظـظـظـظـظـظـظـظـظـظـظـظـظـظـظـظـظـظـظـظـظـظـظـظـظـظـظـظـظـظـظـظـظـظـظـظـظـظـظـظـظـظـظـظـظـظـظـظـظـظـظـظـظـظـظـظـظـظـظـظـظـظـظـظـظـظـظـظـظـظـ
00:01 +12 -9: C:/Users/Hassan/.gemini/antigravity/scratch/home_repair_app/test/order_detail_screen_widget_test.dart: OrderDetailScreen Widget Tests displays status badge [E]
  Test failed. See exception logs above.
  The test description was: displays status badge
  
00:01 +12 -9: C:/Users/Hassan/.gemini/antigravity/scratch/home_repair_app/test/technician_dashboard_bloc_test.dart: TechnicianDashboardBloc initial state has initial status
00:01 +13 -9: C:/Users/Hassan/.gemini/antigravity/scratch/home_repair_app/test/technician_dashboard_bloc_test.dart: TechnicianDashboardBloc LoadTechnicianDashboard emits loading and streams stats successfully
00:01 +13 -10: C:/Users/Hassan/.gemini/antigravity/scratch/home_repair_app/test/technician_dashboard_bloc_test.dart: TechnicianDashboardBloc LoadTechnicianDashboard emits loading and streams stats successfully [E]
  Expected: [<satisfies function>, <satisfies function>, <satisfies function>]
    Actual: [
              TechnicianDashboardState:TechnicianDashboardState(TechnicianDashboardStatus.loading, false, null, null),
              TechnicianDashboardState:TechnicianDashboardState(TechnicianDashboardStatus.success, false, TechnicianStats(500.0, 3, 150, 4.5, 5, 2, 2025-11-30 00:38:25.777764), null)
            ]
     Which: at location [2] is [
              TechnicianDashboardState:TechnicianDashboardState(TechnicianDashboardStatus.loading, false, null, null),
              TechnicianDashboardState:TechnicianDashboardState(TechnicianDashboardStatus.success, false, TechnicianStats(500.0, 3, 150, 4.5, 5, 2, 2025-11-30 00:38:25.777764), null)
            ] which shorter than expected
  
  package:matcher                              expect
  package:bloc_test/src/bloc_test.dart 218:16  testBloc.<fn>
  ===== asynchronous gap ===========================
  dart:async                                   _Completer.completeError
  package:bloc_test/src/bloc_test.dart 255:43  _runZonedGuarded.<fn>
  ===== asynchronous gap ===========================
  dart:async                                   _CustomZone.registerBinaryCallback
  package:bloc_test/src/bloc_test.dart 252:5   _runZonedGuarded.<fn>
  dart:async                                   runZonedGuarded
  package:bloc_test/src/bloc_test.dart 251:3   _runZonedGuarded
  package:bloc_test/src/bloc_test.dart 198:11  testBloc
  package:bloc_test/src/bloc_test.dart 156:13  blocTest.<fn>
  
00:01 +13 -10: C:/Users/Hassan/.gemini/antigravity/scratch/home_repair_app/test/technician_dashboard_bloc_test.dart: TechnicianDashboardBloc ToggleAvailability calls updateTechnicianAvailability when toggled
00:01 +14 -10: C:/Users/Hassan/.gemini/antigravity/scratch/home_repair_app/test/technician_dashboard_bloc_test.dart: TechnicianDashboardBloc RefreshDashboardStats fetches updated stats when refreshed
00:01 +15 -10: C:/Users/Hassan/.gemini/antigravity/scratch/home_repair_app/test/widget_test.dart: Services Data Tests Services data is properly loaded
00:01 +16 -10: C:/Users/Hassan/.gemini/antigravity/scratch/home_repair_app/test/widget_test.dart: Services Data Tests Services have valid pricing
00:01 +17 -10: C:/Users/Hassan/.gemini/antigravity/scratch/home_repair_app/test/widget_test.dart: Services Data Tests All services have unique IDs
00:01 +18 -10: C:/Users/Hassan/.gemini/antigravity/scratch/home_repair_app/test/widget_test.dart: Services Data Tests All services have valid categories
00:01 +19 -10: C:/Users/Hassan/.gemini/antigravity/scratch/home_repair_app/test/widget_test.dart: Services Data Tests All services have reasonable completion times
00:01 +20 -10: Some tests failed.
